[34m2024-08-23 18:22:41,351 - asyncio - DEBUG - Using proactor: IocpProactor[0m
[32m2024-08-23 18:22:41,353 - discord.client - INFO - logging in using static token[0m
[32m2024-08-23 18:22:42,247 - discord.gateway - INFO - Shard ID None has connected to Gateway (Session ID: 3c2b73f0c9064705e499fc849eadd878).[0m
[32m2024-08-23 18:22:44,262 - __main__ - INFO - Logged in as Vigil (1260362601032978525)[0m
[32m2024-08-23 18:22:44,573 - cogs.close_ticket - INFO - CloseTicketCog loaded successfully.[0m
[32m2024-08-23 18:22:44,575 - __main__ - INFO - Loaded cog: close_ticket.py[0m
[32m2024-08-23 18:22:44,591 - cogs.create_ticket - INFO - CreateTicketCog loaded successfully.[0m
[32m2024-08-23 18:22:44,591 - __main__ - INFO - Loaded cog: create_ticket.py[0m
[32m2024-08-23 18:22:44,599 - cogs.ping - INFO - PingCog loaded successfully.[0m
[32m2024-08-23 18:22:44,599 - __main__ - INFO - Loaded cog: ping.py[0m
[32m2024-08-23 18:22:44,606 - cogs.view_tickets - INFO - ViewTicketsCog loaded successfully.[0m
[32m2024-08-23 18:22:44,607 - __main__ - INFO - Loaded cog: view_tickets.py[0m
[34m2024-08-23 18:42:44,069 - asyncio - DEBUG - Using proactor: IocpProactor[0m
[32m2024-08-23 18:42:44,071 - discord.client - INFO - logging in using static token[0m
[32m2024-08-23 18:42:45,035 - discord.gateway - INFO - Shard ID None has connected to Gateway (Session ID: e6c180661744eb9ec1a75d229941d395).[0m
[32m2024-08-23 18:42:47,046 - __main__ - INFO - Logged in as Vigil (1260362601032978525)[0m
[32m2024-08-23 18:42:47,399 - __main__ - INFO - Loaded cog: close_ticket.py[0m
[32m2024-08-23 18:42:47,410 - __main__ - INFO - Loaded cog: create_ticket.py[0m
[32m2024-08-23 18:42:47,423 - __main__ - INFO - Loaded cog: ping.py[0m
[32m2024-08-23 18:42:47,434 - __main__ - INFO - Loaded cog: view_tickets.py[0m
[34m2024-08-24 18:51:02,990 - asyncio - DEBUG - Using proactor: IocpProactor[0m
[32m2024-08-24 18:51:02,993 - discord.client - INFO - logging in using static token[0m
[32m2024-08-24 18:51:03,925 - discord.gateway - INFO - Shard ID None has connected to Gateway (Session ID: 8dc1db653204a45f2d082c044dbc017f).[0m
[32m2024-08-24 18:51:05,944 - __main__ - INFO - Logged in as Vigil (1260362601032978525)[0m
[32m2024-08-24 18:51:08,270 - __main__ - INFO - Loaded cog: close_ticket.py[0m
[32m2024-08-24 18:51:08,287 - __main__ - INFO - Loaded cog: create_ticket.py[0m
[32m2024-08-24 18:51:08,355 - __main__ - INFO - Loaded cog: ping.py[0m
[31m2024-08-24 18:51:08,420 - __main__ - ERROR - Failed to load cog reminder.py: Extension 'cogs.reminder' raised an error: TypeError: module() takes at most 2 arguments (3 given)[0m
[32m2024-08-24 18:51:08,441 - __main__ - INFO - Loaded cog: view_tickets.py[0m
[34m2024-08-24 18:53:48,205 - asyncio - DEBUG - Using proactor: IocpProactor[0m
[32m2024-08-24 18:53:48,206 - discord.client - INFO - logging in using static token[0m
[32m2024-08-24 18:53:49,017 - discord.gateway - INFO - Shard ID None has connected to Gateway (Session ID: 7cd904b7672d6047906f0f14a32e4855).[0m
[32m2024-08-24 18:53:51,024 - __main__ - INFO - Logged in as Vigil (1260362601032978525)[0m
[32m2024-08-24 18:53:51,329 - __main__ - INFO - Loaded cog: close_ticket.py[0m
[32m2024-08-24 18:53:51,337 - __main__ - INFO - Loaded cog: create_ticket.py[0m
[32m2024-08-24 18:53:51,344 - __main__ - INFO - Loaded cog: ping.py[0m
[32m2024-08-24 18:53:51,362 - __main__ - INFO - Loaded cog: reminder.py[0m
[32m2024-08-24 18:53:51,369 - __main__ - INFO - Loaded cog: view_tickets.py[0m
[34m2024-08-24 18:57:10,525 - asyncio - DEBUG - Using proactor: IocpProactor[0m
[32m2024-08-24 18:57:10,527 - discord.client - INFO - logging in using static token[0m
[32m2024-08-24 18:57:11,268 - discord.gateway - INFO - Shard ID None has connected to Gateway (Session ID: 3f8476558377613fae5114e01a0d3c7f).[0m
[32m2024-08-24 18:57:13,280 - __main__ - INFO - Logged in as Vigil (1260362601032978525)[0m
[32m2024-08-24 18:57:13,573 - __main__ - INFO - Loaded cog: close_ticket.py[0m
[32m2024-08-24 18:57:13,578 - __main__ - INFO - Loaded cog: create_ticket.py[0m
[32m2024-08-24 18:57:13,580 - __main__ - INFO - Loaded cog: ping.py[0m
[32m2024-08-24 18:57:13,589 - __main__ - INFO - Loaded cog: reminder.py[0m
[32m2024-08-24 18:57:13,591 - __main__ - INFO - Loaded cog: view_tickets.py[0m
[31m2024-08-24 18:57:25,495 - __main__ - ERROR - Error syncing commands: Failed to upload commands to Discord (HTTP status 400, error code 50035)
In command 'reminder' defined in function 'ReminderCog.reminder'
  description: Must be 100 or fewer in length.[0m
[34m2024-08-24 18:58:22,791 - asyncio - DEBUG - Using proactor: IocpProactor[0m
[32m2024-08-24 18:58:22,794 - discord.client - INFO - logging in using static token[0m
[32m2024-08-24 18:58:23,501 - discord.gateway - INFO - Shard ID None has connected to Gateway (Session ID: 759eaeda622b4629186aaed0314757b5).[0m
[32m2024-08-24 18:58:25,521 - __main__ - INFO - Logged in as Vigil (1260362601032978525)[0m
[32m2024-08-24 18:58:25,818 - __main__ - INFO - Loaded cog: close_ticket.py[0m
[32m2024-08-24 18:58:25,824 - __main__ - INFO - Loaded cog: create_ticket.py[0m
[32m2024-08-24 18:58:25,827 - __main__ - INFO - Loaded cog: ping.py[0m
[32m2024-08-24 18:58:25,843 - __main__ - INFO - Loaded cog: reminder.py[0m
[32m2024-08-24 18:58:25,846 - __main__ - INFO - Loaded cog: view_tickets.py[0m
[32m2024-08-24 18:58:30,557 - __main__ - INFO - Commands synced globally.[0m
[34m2024-08-24 19:03:56,441 - asyncio - DEBUG - Using proactor: IocpProactor[0m
[32m2024-08-24 19:03:56,443 - discord.client - INFO - logging in using static token[0m
[32m2024-08-24 19:03:57,135 - discord.gateway - INFO - Shard ID None has connected to Gateway (Session ID: aa2348a96567f5d63bf3630d82281b58).[0m
[32m2024-08-24 19:03:59,154 - __main__ - INFO - Logged in as Vigil (1260362601032978525)[0m
[32m2024-08-24 19:03:59,448 - __main__ - INFO - Loaded cog: close_ticket.py[0m
[32m2024-08-24 19:03:59,454 - __main__ - INFO - Loaded cog: create_ticket.py[0m
[32m2024-08-24 19:03:59,456 - __main__ - INFO - Loaded cog: ping.py[0m
[32m2024-08-24 19:03:59,474 - __main__ - INFO - Loaded cog: reminder.py[0m
[32m2024-08-24 19:03:59,476 - __main__ - INFO - Loaded cog: view_tickets.py[0m
[34m2024-08-24 19:06:06,301 - asyncio - DEBUG - Using proactor: IocpProactor[0m
[32m2024-08-24 19:06:06,303 - discord.client - INFO - logging in using static token[0m
[32m2024-08-24 19:06:07,028 - discord.gateway - INFO - Shard ID None has connected to Gateway (Session ID: 776bc4c937aea6a7f0c01a80e921a2e4).[0m
[32m2024-08-24 19:06:09,043 - __main__ - INFO - Logged in as Vigil (1260362601032978525)[0m
[32m2024-08-24 19:06:09,341 - __main__ - INFO - Loaded cog: close_ticket.py[0m
[32m2024-08-24 19:06:09,346 - __main__ - INFO - Loaded cog: create_ticket.py[0m
[32m2024-08-24 19:06:09,349 - __main__ - INFO - Loaded cog: ping.py[0m
[32m2024-08-24 19:06:09,366 - __main__ - INFO - Loaded cog: reminder.py[0m
[32m2024-08-24 19:06:09,368 - __main__ - INFO - Loaded cog: view_tickets.py[0m
[34m2024-08-24 19:06:33,041 - cogs.reminder - DEBUG - Attempting to defer interaction...[0m
[34m2024-08-24 19:06:33,388 - cogs.reminder - DEBUG - Interaction deferred successfully.[0m
[34m2024-08-24 19:06:38,134 - cogs.reminder - DEBUG - Cancel button clicked by 274005218516271104[0m
[34m2024-08-24 19:08:08,936 - asyncio - DEBUG - Using proactor: IocpProactor[0m
[32m2024-08-24 19:08:08,938 - discord.client - INFO - logging in using static token[0m
[32m2024-08-24 19:08:09,675 - discord.gateway - INFO - Shard ID None has connected to Gateway (Session ID: 4dfffd52d5ef46bf2800568a181ca807).[0m
[32m2024-08-24 19:08:11,692 - __main__ - INFO - Logged in as Vigil (1260362601032978525)[0m
[32m2024-08-24 19:08:12,032 - __main__ - INFO - Loaded cog: close_ticket.py[0m
[32m2024-08-24 19:08:12,037 - __main__ - INFO - Loaded cog: create_ticket.py[0m
[32m2024-08-24 19:08:12,039 - __main__ - INFO - Loaded cog: ping.py[0m
[32m2024-08-24 19:08:12,058 - __main__ - INFO - Loaded cog: reminder.py[0m
[32m2024-08-24 19:08:12,060 - __main__ - INFO - Loaded cog: view_tickets.py[0m
[34m2024-08-24 19:08:28,854 - cogs.reminder - DEBUG - Attempting to defer interaction...[0m
[34m2024-08-24 19:08:29,135 - cogs.reminder - DEBUG - Interaction deferred successfully.[0m
[34m2024-08-24 19:08:33,917 - cogs.reminder - DEBUG - Cancel button clicked by 274005218516271104[0m
[34m2024-08-24 19:10:45,456 - asyncio - DEBUG - Using proactor: IocpProactor[0m
[32m2024-08-24 19:10:45,458 - discord.client - INFO - logging in using static token[0m
[32m2024-08-24 19:10:46,145 - discord.gateway - INFO - Shard ID None has connected to Gateway (Session ID: 29d614080986b88c197380bbfd24a147).[0m
[32m2024-08-24 19:10:48,153 - __main__ - INFO - Logged in as Vigil (1260362601032978525)[0m
[32m2024-08-24 19:10:48,464 - __main__ - INFO - Loaded cog: close_ticket.py[0m
[32m2024-08-24 19:10:48,469 - __main__ - INFO - Loaded cog: create_ticket.py[0m
[32m2024-08-24 19:10:48,472 - __main__ - INFO - Loaded cog: ping.py[0m
[32m2024-08-24 19:10:48,490 - __main__ - INFO - Loaded cog: reminder.py[0m
[32m2024-08-24 19:10:48,492 - __main__ - INFO - Loaded cog: view_tickets.py[0m
[34m2024-08-24 19:11:08,209 - cogs.reminder - DEBUG - Cancel button clicked by 274005218516271104[0m
[33m2024-08-24 19:15:08,217 - cogs.reminder - WARNING - Cancel button interaction timed out.[0m
[34m2024-08-24 19:24:46,921 - asyncio - DEBUG - Using proactor: IocpProactor[0m
[32m2024-08-24 19:24:46,923 - discord.client - INFO - logging in using static token[0m
[32m2024-08-24 19:24:47,876 - discord.gateway - INFO - Shard ID None has connected to Gateway (Session ID: 0d92557d1a0eb6890d4978e540ba8010).[0m
[32m2024-08-24 19:24:49,905 - __main__ - INFO - Logged in as Vigil (1260362601032978525)[0m
[32m2024-08-24 19:24:50,209 - __main__ - INFO - Loaded cog: close_ticket.py[0m
[32m2024-08-24 19:24:50,214 - __main__ - INFO - Loaded cog: create_ticket.py[0m
[32m2024-08-24 19:24:50,217 - __main__ - INFO - Loaded cog: ping.py[0m
[32m2024-08-24 19:24:50,235 - __main__ - INFO - Loaded cog: reminder.py[0m
[32m2024-08-24 19:24:50,237 - __main__ - INFO - Loaded cog: view_tickets.py[0m
[34m2024-08-24 19:26:55,212 - asyncio - DEBUG - Using proactor: IocpProactor[0m
[32m2024-08-24 19:26:55,215 - discord.client - INFO - logging in using static token[0m
[32m2024-08-24 19:26:55,868 - discord.gateway - INFO - Shard ID None has connected to Gateway (Session ID: 64db9081181288faee7a32c23b897f80).[0m
[32m2024-08-24 19:26:57,908 - __main__ - INFO - Logged in as Vigil (1260362601032978525)[0m
[32m2024-08-24 19:26:58,214 - __main__ - INFO - Loaded cog: close_ticket.py[0m
[32m2024-08-24 19:26:58,220 - __main__ - INFO - Loaded cog: create_ticket.py[0m
[32m2024-08-24 19:26:58,223 - __main__ - INFO - Loaded cog: ping.py[0m
[32m2024-08-24 19:26:58,235 - __main__ - INFO - Loaded cog: reminder.py[0m
[32m2024-08-24 19:26:58,237 - __main__ - INFO - Loaded cog: view_tickets.py[0m
[34m2024-08-24 19:27:32,235 - cogs.reminder - DEBUG - Reminder set for message ID 1277061769130414160[0m
[31m2024-08-24 19:27:32,236 - cogs.reminder - ERROR - Error updating reminder embed: 'NoneType' object has no attribute 'id'[0m
Traceback (most recent call last):
  File "C:\Users\Norah\Documents\GitHub\NorahBot\cogs\reminder.py", line 84, in update_embed
    reminder_message_id = interaction.message.id
AttributeError: 'NoneType' object has no attribute 'id'
[34m2024-08-24 19:27:40,088 - cogs.reminder - DEBUG - Cancel button clicked by 274005218516271104[0m
[34m2024-08-24 19:27:40,187 - cogs.reminder - DEBUG - Reminder found and canceled for message ID 1277061769130414160[0m
[34m2024-08-24 19:30:32,262 - cogs.reminder - DEBUG - Reminder was canceled for message ID 1277061769130414160[0m
[34m2024-08-24 19:34:49,908 - asyncio - DEBUG - Using proactor: IocpProactor[0m
[32m2024-08-24 19:34:49,909 - discord.client - INFO - logging in using static token[0m
[32m2024-08-24 19:34:50,544 - discord.gateway - INFO - Shard ID None has connected to Gateway (Session ID: 2061d9877fe5390e7e5768b79890c1c4).[0m
[32m2024-08-24 19:34:52,577 - __main__ - INFO - Logged in as Vigil (1260362601032978525)[0m
[32m2024-08-24 19:34:52,885 - __main__ - INFO - Loaded cog: close_ticket.py[0m
[32m2024-08-24 19:34:52,891 - __main__ - INFO - Loaded cog: create_ticket.py[0m
[32m2024-08-24 19:34:52,893 - __main__ - INFO - Loaded cog: ping.py[0m
[32m2024-08-24 19:34:52,913 - __main__ - INFO - Loaded cog: reminder.py[0m
[32m2024-08-24 19:34:52,915 - __main__ - INFO - Loaded cog: view_tickets.py[0m
[34m2024-08-24 19:36:41,334 - cogs.reminder - DEBUG - Reminder set for message ID 1277064072533377024[0m
[34m2024-08-24 19:36:53,452 - cogs.reminder - DEBUG - Cancel button clicked by 274005218516271104[0m
[34m2024-08-24 19:36:53,641 - cogs.reminder - DEBUG - Reminder found and canceled for message ID 1277064072533377024[0m
[34m2024-08-24 19:37:21,343 - cogs.reminder - DEBUG - Reminder was canceled for message ID 1277064072533377024[0m
[34m2024-08-24 19:37:31,802 - cogs.reminder - DEBUG - Reminder set for message ID 1277064284156727306[0m
[34m2024-08-24 19:38:16,799 - cogs.reminder - DEBUG - Sending reminder for message ID 1277064284156727306[0m
[33m2024-08-24 19:39:16,807 - cogs.reminder - WARNING - Cancel button interaction timed out.[0m
[34m2024-08-24 19:40:30,510 - asyncio - DEBUG - Using proactor: IocpProactor[0m
[32m2024-08-24 19:40:30,512 - discord.client - INFO - logging in using static token[0m
[32m2024-08-24 19:40:31,221 - discord.gateway - INFO - Shard ID None has connected to Gateway (Session ID: aed41db57650b74454df3fe322c0d538).[0m
[32m2024-08-24 19:40:33,236 - __main__ - INFO - Logged in as Vigil (1260362601032978525)[0m
[32m2024-08-24 19:40:33,555 - __main__ - INFO - Loaded cog: close_ticket.py[0m
[32m2024-08-24 19:40:33,559 - __main__ - INFO - Loaded cog: create_ticket.py[0m
[32m2024-08-24 19:40:33,562 - __main__ - INFO - Loaded cog: ping.py[0m
[32m2024-08-24 19:40:33,582 - __main__ - INFO - Loaded cog: reminder.py[0m
[32m2024-08-24 19:40:33,584 - __main__ - INFO - Loaded cog: view_tickets.py[0m
[34m2024-08-24 19:41:47,587 - cogs.reminder - DEBUG - Reminder set for message ID 1277065356594118700[0m
[34m2024-08-24 19:42:17,592 - cogs.reminder - DEBUG - Sending reminder for message ID 1277065356594118700[0m
[34m2024-08-24 19:42:25,553 - cogs.reminder - DEBUG - Cancel button clicked by 274005218516271104[0m
[34m2024-08-24 19:42:25,681 - cogs.reminder - DEBUG - No active reminder found for message ID 1277065356594118700[0m
[33m2024-08-24 19:43:55,557 - cogs.reminder - WARNING - Cancel button interaction timed out.[0m
[34m2024-08-24 19:45:43,532 - asyncio - DEBUG - Using proactor: IocpProactor[0m
[32m2024-08-24 19:45:43,534 - discord.client - INFO - logging in using static token[0m
[32m2024-08-24 19:45:44,252 - discord.gateway - INFO - Shard ID None has connected to Gateway (Session ID: 19e524a9f79d0b40e119385bc0d03b06).[0m
[32m2024-08-24 19:45:46,272 - __main__ - INFO - Logged in as Vigil (1260362601032978525)[0m
[32m2024-08-24 19:45:46,587 - __main__ - INFO - Loaded cog: close_ticket.py[0m
[32m2024-08-24 19:45:46,592 - __main__ - INFO - Loaded cog: create_ticket.py[0m
[32m2024-08-24 19:45:46,595 - __main__ - INFO - Loaded cog: ping.py[0m
[32m2024-08-24 19:45:46,616 - __main__ - INFO - Loaded cog: reminder.py[0m
[32m2024-08-24 19:45:46,618 - __main__ - INFO - Loaded cog: view_tickets.py[0m
[34m2024-08-24 19:48:46,055 - cogs.reminder - DEBUG - Reminder set for message ID 1277067111893569620[0m
[34m2024-08-24 19:49:46,066 - cogs.reminder - DEBUG - Sending reminder for message ID 1277067111893569620[0m
[33m2024-08-24 19:50:46,064 - cogs.reminder - WARNING - Cancel button interaction timed out.[0m
[34m2024-08-24 19:52:07,464 - asyncio - DEBUG - Using proactor: IocpProactor[0m
[32m2024-08-24 19:52:07,466 - discord.client - INFO - logging in using static token[0m
[32m2024-08-24 19:52:08,162 - discord.gateway - INFO - Shard ID None has connected to Gateway (Session ID: f3dd0e0205aa03a34947684623c04f32).[0m
[32m2024-08-24 19:52:10,169 - __main__ - INFO - Logged in as Vigil (1260362601032978525)[0m
[32m2024-08-24 19:52:10,505 - __main__ - INFO - Loaded cog: close_ticket.py[0m
[32m2024-08-24 19:52:10,509 - __main__ - INFO - Loaded cog: create_ticket.py[0m
[32m2024-08-24 19:52:10,512 - __main__ - INFO - Loaded cog: ping.py[0m
[32m2024-08-24 19:52:10,532 - __main__ - INFO - Loaded cog: reminder.py[0m
[32m2024-08-24 19:52:10,535 - __main__ - INFO - Loaded cog: view_tickets.py[0m
[34m2024-08-24 19:52:40,895 - cogs.reminder - DEBUG - Reminder set for message ID 1277068096330272769[0m
[34m2024-08-24 19:53:40,915 - cogs.reminder - DEBUG - Sending reminder for message ID 1277068096330272769[0m
[33m2024-08-24 19:54:40,898 - cogs.reminder - WARNING - Cancel button interaction timed out.[0m
[34m2024-08-24 20:00:49,586 - asyncio - DEBUG - Using proactor: IocpProactor[0m
[32m2024-08-24 20:00:49,587 - discord.client - INFO - logging in using static token[0m
[32m2024-08-24 20:00:50,397 - discord.gateway - INFO - Shard ID None has connected to Gateway (Session ID: e8eed5404e18ae6dfbe1d53c99a85d0d).[0m
[32m2024-08-24 20:00:52,402 - __main__ - INFO - Logged in as Vigil (1260362601032978525)[0m
[32m2024-08-24 20:00:52,718 - __main__ - INFO - Loaded cog: close_ticket.py[0m
[32m2024-08-24 20:00:52,723 - __main__ - INFO - Loaded cog: create_ticket.py[0m
[32m2024-08-24 20:00:52,727 - __main__ - INFO - Loaded cog: ping.py[0m
[32m2024-08-24 20:00:52,747 - __main__ - INFO - Loaded cog: reminder.py[0m
[32m2024-08-24 20:00:52,749 - __main__ - INFO - Loaded cog: view_tickets.py[0m
[33m2024-08-24 20:03:17,581 - cogs.reminder - WARNING - Time conversion error: Time limit exceeded. Please set a reminder for 24 hours or less.[0m
[31m2024-08-24 20:03:20,607 - discord.app_commands.tree - ERROR - Ignoring exception in command 'reminder'[0m
Traceback (most recent call last):
  File "C:\Users\Norah\Documents\GitHub\NorahBot\cogs\reminder.py", line 61, in reminder
    reminder_time = self.convert_time(time)
  File "C:\Users\Norah\Documents\GitHub\NorahBot\cogs\reminder.py", line 34, in convert_time
    raise ValueError("Time limit exceeded. Please set a reminder for 24 hours or less.")
ValueError: Time limit exceeded. Please set a reminder for 24 hours or less.

During handling of the above exception, another exception occurred:

Traceback (most recent call last):
  File "C:\Users\Norah\AppData\Local\Packages\PythonSoftwareFoundation.Python.3.10_qbz5n2kfra8p0\LocalCache\local-packages\Python310\site-packages\discord\app_commands\commands.py", line 841, in _do_call
    return await self._callback(self.binding, interaction, **params)  # type: ignore
  File "C:\Users\Norah\Documents\GitHub\NorahBot\cogs\reminder.py", line 106, in reminder
    await interaction.followup.send(str(e), ephemeral=True)
  File "C:\Users\Norah\AppData\Local\Packages\PythonSoftwareFoundation.Python.3.10_qbz5n2kfra8p0\LocalCache\local-packages\Python310\site-packages\discord\webhook\async_.py", line 1800, in send
    data = await adapter.execute_webhook(
  File "C:\Users\Norah\AppData\Local\Packages\PythonSoftwareFoundation.Python.3.10_qbz5n2kfra8p0\LocalCache\local-packages\Python310\site-packages\discord\webhook\async_.py", line 219, in request
    raise NotFound(response, data)
discord.errors.NotFound: 404 Not Found (error code: 10015): Unknown Webhook

The above exception was the direct cause of the following exception:

Traceback (most recent call last):
  File "C:\Users\Norah\AppData\Local\Packages\PythonSoftwareFoundation.Python.3.10_qbz5n2kfra8p0\LocalCache\local-packages\Python310\site-packages\discord\app_commands\tree.py", line 1248, in _call
    await command._invoke_with_namespace(interaction, namespace)
  File "C:\Users\Norah\AppData\Local\Packages\PythonSoftwareFoundation.Python.3.10_qbz5n2kfra8p0\LocalCache\local-packages\Python310\site-packages\discord\app_commands\commands.py", line 867, in _invoke_with_namespace
    return await self._do_call(interaction, transformed_values)
  File "C:\Users\Norah\AppData\Local\Packages\PythonSoftwareFoundation.Python.3.10_qbz5n2kfra8p0\LocalCache\local-packages\Python310\site-packages\discord\app_commands\commands.py", line 860, in _do_call
    raise CommandInvokeError(self, e) from e
discord.app_commands.errors.CommandInvokeError: Command 'reminder' raised an exception: NotFound: 404 Not Found (error code: 10015): Unknown Webhook
[34m2024-08-24 20:07:07,823 - asyncio - DEBUG - Using proactor: IocpProactor[0m
[32m2024-08-24 20:07:07,825 - discord.client - INFO - logging in using static token[0m
[32m2024-08-24 20:07:08,533 - discord.gateway - INFO - Shard ID None has connected to Gateway (Session ID: 0094bae80ade6d0b2139bdb1fda4ee7f).[0m
[32m2024-08-24 20:07:10,557 - __main__ - INFO - Logged in as Vigil (1260362601032978525)[0m
[32m2024-08-24 20:07:10,858 - __main__ - INFO - Loaded cog: close_ticket.py[0m
[32m2024-08-24 20:07:10,864 - __main__ - INFO - Loaded cog: create_ticket.py[0m
[32m2024-08-24 20:07:10,867 - __main__ - INFO - Loaded cog: ping.py[0m
[32m2024-08-24 20:07:10,886 - __main__ - INFO - Loaded cog: reminder.py[0m
[32m2024-08-24 20:07:10,888 - __main__ - INFO - Loaded cog: view_tickets.py[0m
[33m2024-08-24 20:07:17,171 - cogs.reminder - WARNING - Time conversion error: Time limit exceeded. Please set a reminder for 24 hours or less.[0m
[33m2024-08-24 20:09:08,542 - cogs.reminder - WARNING - Cancel button interaction timed out.[0m
[34m2024-08-24 20:24:46,344 - asyncio - DEBUG - Using proactor: IocpProactor[0m
[32m2024-08-24 20:24:46,346 - discord.client - INFO - logging in using static token[0m
[32m2024-08-24 20:24:46,963 - discord.gateway - INFO - Shard ID None has connected to Gateway (Session ID: bc295909a41373be87725d7dd857541f).[0m
[32m2024-08-24 20:24:48,968 - __main__ - INFO - Logged in as Vigil (1260362601032978525)[0m
[32m2024-08-24 20:24:49,269 - __main__ - INFO - Loaded cog: close_ticket.py[0m
[32m2024-08-24 20:24:49,275 - __main__ - INFO - Loaded cog: create_ticket.py[0m
[32m2024-08-24 20:24:49,278 - __main__ - INFO - Loaded cog: ping.py[0m
[32m2024-08-24 20:24:49,298 - __main__ - INFO - Loaded cog: reminder.py[0m
[32m2024-08-24 20:24:49,300 - __main__ - INFO - Loaded cog: view_tickets.py[0m
[31m2024-08-24 20:25:24,311 - cogs.reminder - ERROR - Error updating reminder embed: 'embed_message'[0m
Traceback (most recent call last):
  File "C:\Users\Norah\Documents\GitHub\NorahBot\cogs\reminder.py", line 151, in update_embed
    embed = reminder["embed_message"].embeds[0]
KeyError: 'embed_message'
[34m2024-08-24 20:28:04,090 - asyncio - DEBUG - Using proactor: IocpProactor[0m
[32m2024-08-24 20:28:04,092 - discord.client - INFO - logging in using static token[0m
[32m2024-08-24 20:28:04,785 - discord.gateway - INFO - Shard ID None has connected to Gateway (Session ID: 2e156c2df6b43583565e69c52f1aeb00).[0m
[32m2024-08-24 20:28:06,822 - __main__ - INFO - Logged in as Vigil (1260362601032978525)[0m
[32m2024-08-24 20:28:07,123 - __main__ - INFO - Loaded cog: close_ticket.py[0m
[32m2024-08-24 20:28:07,129 - __main__ - INFO - Loaded cog: create_ticket.py[0m
[32m2024-08-24 20:28:07,132 - __main__ - INFO - Loaded cog: ping.py[0m
[32m2024-08-24 20:28:07,144 - __main__ - INFO - Loaded cog: reminder.py[0m
[32m2024-08-24 20:28:07,146 - __main__ - INFO - Loaded cog: view_tickets.py[0m
[34m2024-08-24 20:55:05,867 - asyncio - DEBUG - Using proactor: IocpProactor[0m
[32m2024-08-24 20:55:05,869 - discord.client - INFO - logging in using static token[0m
[32m2024-08-24 20:55:06,871 - discord.gateway - INFO - Shard ID None has connected to Gateway (Session ID: 595f59fa87b8863fe2d15cc51cb1f0f0).[0m
[32m2024-08-24 20:55:08,916 - __main__ - INFO - Logged in as Vigil (1260362601032978525)[0m
[32m2024-08-24 20:55:09,341 - __main__ - INFO - Loaded cog: close_ticket.py[0m
[32m2024-08-24 20:55:09,345 - __main__ - INFO - Loaded cog: create_ticket.py[0m
[32m2024-08-24 20:55:09,349 - __main__ - INFO - Loaded cog: ping.py[0m
[32m2024-08-24 20:55:09,423 - __main__ - INFO - Loaded cog: reminder.py[0m
[32m2024-08-24 20:55:09,425 - __main__ - INFO - Loaded cog: view_tickets.py[0m
[31m2024-08-24 20:55:09,425 - cogs.reminder - ERROR - Failed to resume reminder: 'channel_id'[0m
Traceback (most recent call last):
  File "C:\Users\Norah\Documents\GitHub\NorahBot\cogs\reminder.py", line 41, in resume_reminder
    channel = self.bot.get_channel(reminder["channel_id"])
KeyError: 'channel_id'
[31m2024-08-24 20:55:09,427 - cogs.reminder - ERROR - Error updating reminder embed: 'channel_id'[0m
Traceback (most recent call last):
  File "C:\Users\Norah\Documents\GitHub\NorahBot\cogs\reminder.py", line 174, in update_embed
    channel = self.bot.get_channel(reminder["channel_id"])
KeyError: 'channel_id'
[34m2024-08-24 20:56:19,256 - asyncio - DEBUG - Using proactor: IocpProactor[0m
[32m2024-08-24 20:56:19,258 - discord.client - INFO - logging in using static token[0m
[32m2024-08-24 20:56:19,890 - discord.gateway - INFO - Shard ID None has connected to Gateway (Session ID: 5ebf239c898a8061c7d01cc42fec24d6).[0m
[32m2024-08-24 20:56:21,900 - __main__ - INFO - Logged in as Vigil (1260362601032978525)[0m
[32m2024-08-24 20:56:22,219 - __main__ - INFO - Loaded cog: close_ticket.py[0m
[32m2024-08-24 20:56:22,225 - __main__ - INFO - Loaded cog: create_ticket.py[0m
[32m2024-08-24 20:56:22,227 - __main__ - INFO - Loaded cog: ping.py[0m
[31m2024-08-24 20:56:22,239 - __main__ - ERROR - Failed to load cog reminder.py: Extension 'cogs.reminder' raised an error: JSONDecodeError: Expecting value: line 1 column 1 (char 0)[0m
[32m2024-08-24 20:56:22,242 - __main__ - INFO - Loaded cog: view_tickets.py[0m
[34m2024-08-24 20:57:39,992 - asyncio - DEBUG - Using proactor: IocpProactor[0m
[32m2024-08-24 20:57:39,995 - discord.client - INFO - logging in using static token[0m
[32m2024-08-24 20:57:40,766 - discord.gateway - INFO - Shard ID None has connected to Gateway (Session ID: 9d19ed56578edd173ec845bf3f80e4bc).[0m
[32m2024-08-24 20:57:42,790 - __main__ - INFO - Logged in as Vigil (1260362601032978525)[0m
[32m2024-08-24 20:57:43,123 - __main__ - INFO - Loaded cog: close_ticket.py[0m
[32m2024-08-24 20:57:43,129 - __main__ - INFO - Loaded cog: create_ticket.py[0m
[32m2024-08-24 20:57:43,133 - __main__ - INFO - Loaded cog: ping.py[0m
[31m2024-08-24 20:57:43,151 - __main__ - ERROR - Failed to load cog reminder.py: Extension 'cogs.reminder' raised an error: JSONDecodeError: Expecting value: line 1 column 1 (char 0)[0m
[32m2024-08-24 20:57:43,153 - __main__ - INFO - Loaded cog: view_tickets.py[0m
[34m2024-08-24 20:59:57,455 - asyncio - DEBUG - Using proactor: IocpProactor[0m
[32m2024-08-24 20:59:57,457 - discord.client - INFO - logging in using static token[0m
[32m2024-08-24 20:59:58,164 - discord.gateway - INFO - Shard ID None has connected to Gateway (Session ID: c702f56488c350ef2e5bba0509483d8d).[0m
[32m2024-08-24 21:00:00,177 - __main__ - INFO - Logged in as Vigil (1260362601032978525)[0m
[32m2024-08-24 21:00:00,530 - __main__ - INFO - Loaded cog: close_ticket.py[0m
[32m2024-08-24 21:00:00,536 - __main__ - INFO - Loaded cog: create_ticket.py[0m
[32m2024-08-24 21:00:00,538 - __main__ - INFO - Loaded cog: ping.py[0m
[33m2024-08-24 21:00:00,560 - cogs.reminder - WARNING - reminders.json is empty or corrupted. Reinitializing as an empty dictionary.[0m
[32m2024-08-24 21:00:00,561 - __main__ - INFO - Loaded cog: reminder.py[0m
[32m2024-08-24 21:00:00,563 - __main__ - INFO - Loaded cog: view_tickets.py[0m
[34m2024-08-24 21:00:40,913 - asyncio - DEBUG - Using proactor: IocpProactor[0m
[32m2024-08-24 21:00:40,915 - discord.client - INFO - logging in using static token[0m
[32m2024-08-24 21:00:41,558 - discord.gateway - INFO - Shard ID None has connected to Gateway (Session ID: 78b700cdd6525eb6283d23ef945b5f2d).[0m
[32m2024-08-24 21:00:43,573 - __main__ - INFO - Logged in as Vigil (1260362601032978525)[0m
[32m2024-08-24 21:00:43,895 - __main__ - INFO - Loaded cog: close_ticket.py[0m
[32m2024-08-24 21:00:43,901 - __main__ - INFO - Loaded cog: create_ticket.py[0m
[32m2024-08-24 21:00:43,903 - __main__ - INFO - Loaded cog: ping.py[0m
[33m2024-08-24 21:00:43,926 - cogs.reminder - WARNING - reminders.json is empty or corrupted. Reinitializing as an empty dictionary.[0m
[32m2024-08-24 21:00:43,927 - __main__ - INFO - Loaded cog: reminder.py[0m
[32m2024-08-24 21:00:43,929 - __main__ - INFO - Loaded cog: view_tickets.py[0m
[34m2024-08-24 21:02:04,342 - asyncio - DEBUG - Using proactor: IocpProactor[0m
[32m2024-08-24 21:02:04,344 - discord.client - INFO - logging in using static token[0m
[32m2024-08-24 21:02:05,048 - discord.gateway - INFO - Shard ID None has connected to Gateway (Session ID: 7ef02fc49590fe6ae5df351bee0560c9).[0m
[32m2024-08-24 21:02:07,074 - __main__ - INFO - Logged in as Vigil (1260362601032978525)[0m
[32m2024-08-24 21:02:07,421 - __main__ - INFO - Loaded cog: close_ticket.py[0m
[32m2024-08-24 21:02:07,426 - __main__ - INFO - Loaded cog: create_ticket.py[0m
[32m2024-08-24 21:02:07,428 - __main__ - INFO - Loaded cog: ping.py[0m
[32m2024-08-24 21:02:07,438 - __main__ - INFO - Loaded cog: reminder.py[0m
[32m2024-08-24 21:02:07,440 - __main__ - INFO - Loaded cog: view_tickets.py[0m
[34m2024-11-04 20:15:43,118 - asyncio - DEBUG - Using selector: EpollSelector[0m
[32m2024-11-04 20:15:43,121 - discord.client - INFO - logging in using static token[0m
[32m2024-11-04 20:15:46,944 - discord.gateway - INFO - Shard ID None has connected to Gateway (Session ID: 1555e84743c756f3c3a44e7197575943).[0m
[32m2024-11-04 20:15:48,950 - __main__ - INFO - Logged in as Fanta Lite (1303063696578187285)[0m
[32m2024-11-04 20:15:48,955 - __main__ - INFO - Loaded cog: ping.py[0m
[34m2024-11-04 20:17:14,807 - asyncio - DEBUG - Using selector: EpollSelector[0m
[32m2024-11-04 20:17:14,808 - discord.client - INFO - logging in using static token[0m
[32m2024-11-04 20:17:17,695 - discord.gateway - INFO - Shard ID None has connected to Gateway (Session ID: 3777df1be1ded63d7ee821f02ebd5148).[0m
[32m2024-11-04 20:17:19,698 - __main__ - INFO - Logged in as Fanta Lite (1303063696578187285)[0m
[32m2024-11-04 20:17:19,702 - __main__ - INFO - Loaded cog: ping.py[0m
[32m2024-11-04 20:17:29,640 - __main__ - INFO - Commands synced globally.[0m
[32m2024-11-04 20:18:20,496 - cogs.ping - INFO - Ping command executed. Latency: 289ms[0m
[32m2024-11-04 20:18:25,421 - cogs.ping - INFO - Ping command executed. Latency: 289ms[0m
[34m2024-11-04 20:33:55,451 - asyncio - DEBUG - Using selector: EpollSelector[0m
[32m2024-11-04 20:33:55,452 - discord.client - INFO - logging in using static token[0m
[32m2024-11-04 20:33:59,487 - discord.gateway - INFO - Shard ID None has connected to Gateway (Session ID: 012ae3ce5f77ba00bd832122abb5e6c9).[0m
[32m2024-11-04 20:34:01,493 - __main__ - INFO - Logged in as Fanta Lite (1303063696578187285)[0m
[32m2024-11-04 20:34:01,501 - __main__ - INFO - Loaded cog: ping.py[0m
[32m2024-11-04 20:34:21,841 - __main__ - INFO - Commands synced globally.[0m
[32m2024-11-04 20:35:28,106 - cogs.ping - INFO - Ping command executed. Latency: 330ms[0m
[34m2024-11-04 20:57:47,129 - asyncio - DEBUG - Using selector: EpollSelector[0m
[32m2024-11-04 20:57:47,130 - discord.client - INFO - logging in using static token[0m
[32m2024-11-04 20:57:50,075 - discord.gateway - INFO - Shard ID None has connected to Gateway (Session ID: 892a29c80bda39f89db372a46916b3f3).[0m
[32m2024-11-04 20:57:52,082 - __main__ - INFO - Logged in as Fanta Lite (1303063696578187285)[0m
[31m2024-11-04 20:57:52,101 - __main__ - ERROR - Failed to load cog ping.py: Extension 'cogs.ping' raised an error: ValueError: 'Say Hi' must be between 1-32 characters and contain only lower-case letters, numbers, hyphens, or underscores.[0m
[31m2024-11-04 20:57:52,104 - __main__ - ERROR - Failed to load cog sayhi.py: Extension 'cogs.sayhi' raised an error: ValueError: 'SayHi' must be all lower-case[0m
[34m2024-11-04 20:58:30,381 - asyncio - DEBUG - Using selector: EpollSelector[0m
[32m2024-11-04 20:58:30,381 - discord.client - INFO - logging in using static token[0m
[32m2024-11-04 20:58:35,401 - discord.gateway - INFO - Shard ID None has connected to Gateway (Session ID: afac14c8fd293072b96996b07bf965f9).[0m
[32m2024-11-04 20:58:37,414 - __main__ - INFO - Logged in as Fanta Lite (1303063696578187285)[0m
[32m2024-11-04 20:58:37,423 - __main__ - INFO - Loaded cog: ping.py[0m
[31m2024-11-04 20:58:37,432 - __main__ - ERROR - Failed to load cog sayhi.py: Extension 'cogs.sayhi' raised an error: ValueError: 'SayHi' must be all lower-case[0m
[34m2024-11-04 20:59:01,797 - asyncio - DEBUG - Using selector: EpollSelector[0m
[32m2024-11-04 20:59:01,798 - discord.client - INFO - logging in using static token[0m
[32m2024-11-04 20:59:04,950 - discord.gateway - INFO - Shard ID None has connected to Gateway (Session ID: f77e20242602526630e5131085e782b6).[0m
[32m2024-11-04 20:59:06,958 - __main__ - INFO - Logged in as Fanta Lite (1303063696578187285)[0m
[32m2024-11-04 20:59:06,960 - __main__ - INFO - Loaded cog: ping.py[0m
[32m2024-11-04 20:59:06,964 - __main__ - INFO - Loaded cog: sayhi.py[0m
[32m2024-11-04 20:59:23,783 - __main__ - INFO - Commands synced globally.[0m
[34m2024-11-04 21:17:45,834 - asyncio - DEBUG - Using selector: EpollSelector[0m
[32m2024-11-04 21:17:45,835 - discord.client - INFO - logging in using static token[0m
[32m2024-11-04 21:17:49,066 - discord.gateway - INFO - Shard ID None has connected to Gateway (Session ID: 9b99f2402ee42854adfe830729104cf7).[0m
[32m2024-11-04 21:17:51,075 - __main__ - INFO - Logged in as Fanta Lite (1303063696578187285)[0m
[32m2024-11-04 21:17:51,083 - __main__ - INFO - Loaded cog: ping.py[0m
[32m2024-11-04 21:17:51,089 - __main__ - INFO - Loaded cog: sayhi.py[0m
[32m2024-11-04 21:18:01,228 - cogs.ping - INFO - Ping command executed. Latency: 299ms[0m
[34m2024-11-04 22:32:52,496 - asyncio - DEBUG - Using selector: EpollSelector[0m
[32m2024-11-04 22:32:52,497 - discord.client - INFO - logging in using static token[0m
[32m2024-11-04 22:32:55,634 - discord.gateway - INFO - Shard ID None has connected to Gateway (Session ID: d7d2483100d8b5841bd33f6b446e8a76).[0m
[32m2024-11-04 22:32:57,646 - __main__ - INFO - Logged in as Fanta Lite (1303063696578187285)[0m
[32m2024-11-04 22:32:57,653 - __main__ - INFO - Loaded cog: ping.py[0m
[32m2024-11-04 22:32:57,658 - __main__ - INFO - Loaded cog: sayhi.py[0m
[31m2024-11-04 22:32:57,669 - __main__ - ERROR - Failed to load cog timestamp.py: Extension 'cogs.timestamp' has no 'setup' function.[0m
[32m2024-11-04 22:33:10,757 - __main__ - INFO - Commands synced globally.[0m
[31m2024-11-04 22:33:24,334 - __main__ - ERROR - An error occurred: Command "timestamp" is not found[0m
[32m2024-11-04 22:36:35,691 - __main__ - INFO - Commands synced globally.[0m
[34m2024-11-04 22:41:05,170 - asyncio - DEBUG - Using selector: EpollSelector[0m
[32m2024-11-04 22:41:05,171 - discord.client - INFO - logging in using static token[0m
[32m2024-11-04 22:41:12,448 - discord.gateway - INFO - Shard ID None has connected to Gateway (Session ID: 40a2f2ae8560dd035fd768b8b836b27e).[0m
[32m2024-11-04 22:41:14,456 - __main__ - INFO - Logged in as Fanta Lite (1303063696578187285)[0m
[32m2024-11-04 22:41:14,462 - __main__ - INFO - Loaded cog: ping.py[0m
[32m2024-11-04 22:41:14,470 - __main__ - INFO - Loaded cog: sayhi.py[0m
[32m2024-11-04 22:41:14,484 - __main__ - INFO - Loaded cog: timestamp.py[0m
[32m2024-11-04 22:41:26,854 - __main__ - INFO - Commands synced globally.[0m
[34m2024-11-04 23:01:55,895 - asyncio - DEBUG - Using selector: EpollSelector[0m
[32m2024-11-04 23:01:55,902 - discord.client - INFO - logging in using static token[0m
[32m2024-11-04 23:01:59,751 - discord.gateway - INFO - Shard ID None has connected to Gateway (Session ID: 62645d4ab7eb6f95302134eaaa0d4d64).[0m
[32m2024-11-04 23:02:01,759 - __main__ - INFO - Logged in as Fanta Lite (1303063696578187285)[0m
[32m2024-11-04 23:02:01,767 - __main__ - INFO - Loaded cog: ping.py[0m
[32m2024-11-04 23:02:01,770 - __main__ - INFO - Loaded cog: sayhi.py[0m
[32m2024-11-04 23:02:01,797 - __main__ - INFO - Loaded cog: timestamp.py[0m
[32m2024-11-04 23:02:18,720 - __main__ - INFO - Commands synced globally.[0m
[32m2024-11-04 23:03:50,968 - cogs.timestamp - INFO - Timestamp command executed for timezone: UTC[0m
[32m2024-11-04 23:05:51,763 - discord.gateway - INFO - Shard ID None has successfully RESUMED session 62645d4ab7eb6f95302134eaaa0d4d64.[0m
[32m2024-11-04 23:06:12,583 - cogs.timestamp - INFO - Timestamp command executed for timezone: UTC[0m
[34m2024-11-14 19:48:29,376 - asyncio - DEBUG - Using selector: EpollSelector[0m
[32m2024-11-14 19:48:29,377 - discord.client - INFO - logging in using static token[0m
[41m2024-11-14 19:48:32,218 - __main__ - CRITICAL - Failed to start bot: Shard ID None is requesting privileged intents that have not been explicitly enabled in the developer portal. It is recommended to go to https://discord.com/developers/applications/ and explicitly enable the privileged intents within your application's page. If this is not possible, then consider disabling the privileged intents instead.[0m
[34m2024-11-14 19:50:58,406 - asyncio - DEBUG - Using selector: EpollSelector[0m
[32m2024-11-14 19:50:58,407 - discord.client - INFO - logging in using static token[0m
[41m2024-11-14 19:51:00,895 - __main__ - CRITICAL - Failed to start bot: Shard ID None is requesting privileged intents that have not been explicitly enabled in the developer portal. It is recommended to go to https://discord.com/developers/applications/ and explicitly enable the privileged intents within your application's page. If this is not possible, then consider disabling the privileged intents instead.[0m
[34m2024-11-14 19:52:31,157 - asyncio - DEBUG - Using selector: EpollSelector[0m
[32m2024-11-14 19:52:31,158 - discord.client - INFO - logging in using static token[0m
[32m2024-11-14 19:52:33,635 - discord.gateway - INFO - Shard ID None has connected to Gateway (Session ID: 726747644f081a5c107bb47b344bdd08).[0m
[32m2024-11-14 19:52:35,641 - __main__ - INFO - Logged in as Apollo (1306689830629146644)[0m
[32m2024-11-14 19:52:35,647 - __main__ - INFO - Loaded cog: ping.py[0m
[32m2024-11-14 19:52:35,651 - __main__ - INFO - Loaded cog: sayhi.py[0m
[32m2024-11-14 19:52:35,665 - __main__ - INFO - Loaded cog: timestamp.py[0m
[32m2024-11-14 19:52:50,372 - __main__ - INFO - Commands synced globally.[0m
[34m2024-11-14 19:55:16,571 - asyncio - DEBUG - Using selector: EpollSelector[0m
[32m2024-11-14 19:55:16,572 - discord.client - INFO - logging in using static token[0m
[32m2024-11-14 19:55:24,217 - discord.gateway - INFO - Shard ID None has connected to Gateway (Session ID: 7c176182bd92596f6fb0fa966a7bc1ae).[0m
[32m2024-11-14 19:55:26,255 - __main__ - INFO - Logged in as Apollo (1306689830629146644)[0m
[32m2024-11-14 19:55:26,262 - __main__ - INFO - Loaded cog: ping.py[0m
[32m2024-11-14 19:55:26,267 - __main__ - INFO - Loaded cog: sayhi.py[0m
[32m2024-11-14 19:55:26,285 - __main__ - INFO - Loaded cog: timestamp.py[0m
[32m2024-11-14 19:55:31,523 - __main__ - INFO - Commands synced globally.[0m
[34m2024-11-14 19:57:51,298 - asyncio - DEBUG - Using selector: EpollSelector[0m
[32m2024-11-14 19:57:51,298 - discord.client - INFO - logging in using static token[0m
[32m2024-11-14 19:57:54,134 - discord.gateway - INFO - Shard ID None has connected to Gateway (Session ID: 9d4eced0741f67555462f4cb52480b28).[0m
[32m2024-11-14 19:57:56,139 - __main__ - INFO - Logged in as Apollo (1306689830629146644)[0m
[32m2024-11-14 19:57:56,146 - __main__ - INFO - Loaded cog: ping.py[0m
[32m2024-11-14 19:57:56,151 - __main__ - INFO - Loaded cog: sayhi.py[0m
[32m2024-11-14 19:57:56,162 - __main__ - INFO - Loaded cog: timestamp.py[0m
[32m2024-11-14 19:58:06,386 - cogs.ping - INFO - Ping command executed. Latency: 314ms[0m
[34m2024-11-14 20:06:48,410 - asyncio - DEBUG - Using selector: EpollSelector[0m
[32m2024-11-14 20:06:48,411 - discord.client - INFO - logging in using static token[0m
[32m2024-11-14 20:06:51,016 - discord.gateway - INFO - Shard ID None has connected to Gateway (Session ID: 8e446975fb3d0427f893368cec4afea8).[0m
[32m2024-11-14 20:06:53,020 - __main__ - INFO - Logged in as Apollo (1306689830629146644)[0m
[32m2024-11-14 20:06:53,025 - __main__ - INFO - Loaded cog: ping.py[0m
[32m2024-11-14 20:06:53,029 - __main__ - INFO - Loaded cog: sayhi.py[0m
[32m2024-11-14 20:06:53,532 - __main__ - INFO - Loaded cog: music.py[0m
[32m2024-11-14 20:07:02,937 - __main__ - INFO - Commands synced globally.[0m
[31m2024-11-14 20:08:21,632 - __main__ - ERROR - An error occurred: query is a required argument that is missing.[0m
[34m2024-11-14 20:29:19,126 - asyncio - DEBUG - Using selector: EpollSelector[0m
[32m2024-11-14 20:29:19,127 - discord.client - INFO - logging in using static token[0m
[32m2024-11-14 20:29:21,952 - discord.gateway - INFO - Shard ID None has connected to Gateway (Session ID: f25ca5b519ed453ed089fef7561675b7).[0m
[32m2024-11-14 20:29:23,956 - __main__ - INFO - Logged in as Apollo (1306689830629146644)[0m
[32m2024-11-14 20:29:23,963 - __main__ - INFO - Loaded cog: ping.py[0m
[32m2024-11-14 20:29:23,970 - __main__ - INFO - Loaded cog: sayhi.py[0m
[32m2024-11-14 20:29:24,586 - __main__ - INFO - Loaded cog: music.py[0m
[32m2024-11-14 20:29:33,848 - __main__ - INFO - Commands synced globally.[0m
[32m2024-11-14 20:29:49,101 - cogs.ping - INFO - Ping command executed. Latency: 253ms[0m
[32m2024-11-14 20:31:43,019 - __main__ - INFO - Commands synced globally.[0m
[34m2024-11-14 20:31:54,891 - asyncio - DEBUG - Using selector: EpollSelector[0m
[32m2024-11-14 20:31:54,891 - discord.client - INFO - logging in using static token[0m
[32m2024-11-14 20:31:58,949 - discord.gateway - INFO - Shard ID None has connected to Gateway (Session ID: d4f64892d120d2384039c3442a4d71a6).[0m
[32m2024-11-14 20:32:00,954 - __main__ - INFO - Logged in as Apollo (1306689830629146644)[0m
[32m2024-11-14 20:32:00,957 - __main__ - INFO - Loaded cog: ping.py[0m
[32m2024-11-14 20:32:00,959 - __main__ - INFO - Loaded cog: sayhi.py[0m
[32m2024-11-14 20:32:01,277 - __main__ - INFO - Loaded cog: music.py[0m
[32m2024-11-14 20:36:24,772 - __main__ - INFO - Commands synced globally.[0m
[34m2024-11-14 20:38:27,992 - asyncio - DEBUG - Using selector: EpollSelector[0m
[32m2024-11-14 20:38:27,992 - discord.client - INFO - logging in using static token[0m
[32m2024-11-14 20:38:34,573 - discord.gateway - INFO - Shard ID None has connected to Gateway (Session ID: 062f64aeda5afb41766389404af874f9).[0m
[32m2024-11-14 20:38:35,930 - __main__ - INFO - Commands synced globally.[0m
[32m2024-11-14 20:38:36,585 - __main__ - INFO - Logged in as Apollo (1306689830629146644)[0m
[32m2024-11-14 20:38:36,588 - __main__ - INFO - Loaded cog: ping.py[0m
[32m2024-11-14 20:38:36,590 - __main__ - INFO - Loaded cog: sayhi.py[0m
[32m2024-11-14 20:38:36,990 - __main__ - INFO - Loaded cog: music.py[0m
[34m2024-11-15 21:02:27,237 - asyncio - DEBUG - Using selector: EpollSelector[0m
[32m2024-11-15 21:02:27,240 - discord.client - INFO - logging in using static token[0m
[32m2024-11-15 21:02:30,425 - discord.gateway - INFO - Shard ID None has connected to Gateway (Session ID: 2056af1a91c8a40856991037be2f782d).[0m
[32m2024-11-15 21:02:32,569 - __main__ - INFO - Logged in as Apollo (1306689830629146644)[0m
[32m2024-11-15 21:02:32,571 - __main__ - INFO - Loaded cog: ping.py[0m
[32m2024-11-15 21:02:32,572 - __main__ - INFO - Loaded cog: sayhi.py[0m
[32m2024-11-15 21:02:33,292 - __main__ - INFO - Loaded cog: music.py[0m
[31m2024-11-15 21:03:30,585 - discord.client - ERROR - Attempting a reconnect in 1.69s[0m
Traceback (most recent call last):
  File "/home/pyguy/.local/lib/python3.10/site-packages/aiohttp/connector.py", line 1152, in _create_direct_connection
    hosts = await asyncio.shield(host_resolved)
  File "/home/pyguy/.local/lib/python3.10/site-packages/aiohttp/connector.py", line 874, in _resolve_host
    addrs = await self._resolver.resolve(host, port, family=self._family)
  File "/home/pyguy/.local/lib/python3.10/site-packages/aiohttp/resolver.py", line 33, in resolve
    infos = await self._loop.getaddrinfo(
  File "/usr/lib/python3.10/asyncio/base_events.py", line 863, in getaddrinfo
    return await self.run_in_executor(
  File "/usr/lib/python3.10/concurrent/futures/thread.py", line 58, in run
    result = self.fn(*self.args, **self.kwargs)
  File "/usr/lib/python3.10/socket.py", line 955, in getaddrinfo
    for res in _socket.getaddrinfo(host, port, family, type, proto, flags):
socket.gaierror: [Errno -2] Name or service not known

The above exception was the direct cause of the following exception:

Traceback (most recent call last):
  File "/home/pyguy/.local/lib/python3.10/site-packages/discord/client.py", line 656, in connect
    self.ws = await asyncio.wait_for(coro, timeout=60.0)
  File "/usr/lib/python3.10/asyncio/tasks.py", line 445, in wait_for
    return fut.result()
  File "/home/pyguy/.local/lib/python3.10/site-packages/discord/gateway.py", line 372, in from_client
    socket = await client.http.ws_connect(str(url))
  File "/home/pyguy/.local/lib/python3.10/site-packages/discord/http.py", line 536, in ws_connect
    return await self.__session.ws_connect(url, **kwargs)
  File "/home/pyguy/.local/lib/python3.10/site-packages/aiohttp/client.py", line 779, in _ws_connect
    resp = await self.request(
  File "/home/pyguy/.local/lib/python3.10/site-packages/aiohttp/client.py", line 536, in _request
    conn = await self._connector.connect(
  File "/home/pyguy/.local/lib/python3.10/site-packages/aiohttp/connector.py", line 540, in connect
    proto = await self._create_connection(req, traces, timeout)
  File "/home/pyguy/.local/lib/python3.10/site-packages/aiohttp/connector.py", line 901, in _create_connection
    _, proto = await self._create_direct_connection(req, traces, timeout)
  File "/home/pyguy/.local/lib/python3.10/site-packages/aiohttp/connector.py", line 1166, in _create_direct_connection
    raise ClientConnectorError(req.connection_key, exc) from exc
aiohttp.client_exceptions.ClientConnectorError: Cannot connect to host gateway-us-east1-b.discord.gg:443 ssl:default [Name or service not known]
[31m2024-11-15 21:03:32,295 - discord.client - ERROR - Attempting a reconnect in 0.95s[0m
Traceback (most recent call last):
  File "/home/pyguy/.local/lib/python3.10/site-packages/aiohttp/connector.py", line 1152, in _create_direct_connection
    hosts = await asyncio.shield(host_resolved)
  File "/home/pyguy/.local/lib/python3.10/site-packages/aiohttp/connector.py", line 874, in _resolve_host
    addrs = await self._resolver.resolve(host, port, family=self._family)
  File "/home/pyguy/.local/lib/python3.10/site-packages/aiohttp/resolver.py", line 33, in resolve
    infos = await self._loop.getaddrinfo(
  File "/usr/lib/python3.10/asyncio/base_events.py", line 863, in getaddrinfo
    return await self.run_in_executor(
  File "/usr/lib/python3.10/concurrent/futures/thread.py", line 58, in run
    result = self.fn(*self.args, **self.kwargs)
  File "/usr/lib/python3.10/socket.py", line 955, in getaddrinfo
    for res in _socket.getaddrinfo(host, port, family, type, proto, flags):
socket.gaierror: [Errno -2] Name or service not known

The above exception was the direct cause of the following exception:

Traceback (most recent call last):
  File "/home/pyguy/.local/lib/python3.10/site-packages/discord/client.py", line 656, in connect
    self.ws = await asyncio.wait_for(coro, timeout=60.0)
  File "/usr/lib/python3.10/asyncio/tasks.py", line 445, in wait_for
    return fut.result()
  File "/home/pyguy/.local/lib/python3.10/site-packages/discord/gateway.py", line 372, in from_client
    socket = await client.http.ws_connect(str(url))
  File "/home/pyguy/.local/lib/python3.10/site-packages/discord/http.py", line 536, in ws_connect
    return await self.__session.ws_connect(url, **kwargs)
  File "/home/pyguy/.local/lib/python3.10/site-packages/aiohttp/client.py", line 779, in _ws_connect
    resp = await self.request(
  File "/home/pyguy/.local/lib/python3.10/site-packages/aiohttp/client.py", line 536, in _request
    conn = await self._connector.connect(
  File "/home/pyguy/.local/lib/python3.10/site-packages/aiohttp/connector.py", line 540, in connect
    proto = await self._create_connection(req, traces, timeout)
  File "/home/pyguy/.local/lib/python3.10/site-packages/aiohttp/connector.py", line 901, in _create_connection
    _, proto = await self._create_direct_connection(req, traces, timeout)
  File "/home/pyguy/.local/lib/python3.10/site-packages/aiohttp/connector.py", line 1166, in _create_direct_connection
    raise ClientConnectorError(req.connection_key, exc) from exc
aiohttp.client_exceptions.ClientConnectorError: Cannot connect to host gateway-us-east1-b.discord.gg:443 ssl:default [Name or service not known]
[31m2024-11-15 21:03:33,253 - discord.client - ERROR - Attempting a reconnect in 1.18s[0m
Traceback (most recent call last):
  File "/home/pyguy/.local/lib/python3.10/site-packages/aiohttp/connector.py", line 1152, in _create_direct_connection
    hosts = await asyncio.shield(host_resolved)
  File "/home/pyguy/.local/lib/python3.10/site-packages/aiohttp/connector.py", line 874, in _resolve_host
    addrs = await self._resolver.resolve(host, port, family=self._family)
  File "/home/pyguy/.local/lib/python3.10/site-packages/aiohttp/resolver.py", line 33, in resolve
    infos = await self._loop.getaddrinfo(
  File "/usr/lib/python3.10/asyncio/base_events.py", line 863, in getaddrinfo
    return await self.run_in_executor(
  File "/usr/lib/python3.10/concurrent/futures/thread.py", line 58, in run
    result = self.fn(*self.args, **self.kwargs)
  File "/usr/lib/python3.10/socket.py", line 955, in getaddrinfo
    for res in _socket.getaddrinfo(host, port, family, type, proto, flags):
socket.gaierror: [Errno -2] Name or service not known

The above exception was the direct cause of the following exception:

Traceback (most recent call last):
  File "/home/pyguy/.local/lib/python3.10/site-packages/discord/client.py", line 656, in connect
    self.ws = await asyncio.wait_for(coro, timeout=60.0)
  File "/usr/lib/python3.10/asyncio/tasks.py", line 445, in wait_for
    return fut.result()
  File "/home/pyguy/.local/lib/python3.10/site-packages/discord/gateway.py", line 372, in from_client
    socket = await client.http.ws_connect(str(url))
  File "/home/pyguy/.local/lib/python3.10/site-packages/discord/http.py", line 536, in ws_connect
    return await self.__session.ws_connect(url, **kwargs)
  File "/home/pyguy/.local/lib/python3.10/site-packages/aiohttp/client.py", line 779, in _ws_connect
    resp = await self.request(
  File "/home/pyguy/.local/lib/python3.10/site-packages/aiohttp/client.py", line 536, in _request
    conn = await self._connector.connect(
  File "/home/pyguy/.local/lib/python3.10/site-packages/aiohttp/connector.py", line 540, in connect
    proto = await self._create_connection(req, traces, timeout)
  File "/home/pyguy/.local/lib/python3.10/site-packages/aiohttp/connector.py", line 901, in _create_connection
    _, proto = await self._create_direct_connection(req, traces, timeout)
  File "/home/pyguy/.local/lib/python3.10/site-packages/aiohttp/connector.py", line 1166, in _create_direct_connection
    raise ClientConnectorError(req.connection_key, exc) from exc
aiohttp.client_exceptions.ClientConnectorError: Cannot connect to host gateway-us-east1-b.discord.gg:443 ssl:default [Name or service not known]
[31m2024-11-15 21:03:34,463 - discord.client - ERROR - Attempting a reconnect in 9.39s[0m
Traceback (most recent call last):
  File "/home/pyguy/.local/lib/python3.10/site-packages/aiohttp/connector.py", line 1152, in _create_direct_connection
    hosts = await asyncio.shield(host_resolved)
  File "/home/pyguy/.local/lib/python3.10/site-packages/aiohttp/connector.py", line 874, in _resolve_host
    addrs = await self._resolver.resolve(host, port, family=self._family)
  File "/home/pyguy/.local/lib/python3.10/site-packages/aiohttp/resolver.py", line 33, in resolve
    infos = await self._loop.getaddrinfo(
  File "/usr/lib/python3.10/asyncio/base_events.py", line 863, in getaddrinfo
    return await self.run_in_executor(
  File "/usr/lib/python3.10/concurrent/futures/thread.py", line 58, in run
    result = self.fn(*self.args, **self.kwargs)
  File "/usr/lib/python3.10/socket.py", line 955, in getaddrinfo
    for res in _socket.getaddrinfo(host, port, family, type, proto, flags):
socket.gaierror: [Errno -2] Name or service not known

The above exception was the direct cause of the following exception:

Traceback (most recent call last):
  File "/home/pyguy/.local/lib/python3.10/site-packages/discord/client.py", line 656, in connect
    self.ws = await asyncio.wait_for(coro, timeout=60.0)
  File "/usr/lib/python3.10/asyncio/tasks.py", line 445, in wait_for
    return fut.result()
  File "/home/pyguy/.local/lib/python3.10/site-packages/discord/gateway.py", line 372, in from_client
    socket = await client.http.ws_connect(str(url))
  File "/home/pyguy/.local/lib/python3.10/site-packages/discord/http.py", line 536, in ws_connect
    return await self.__session.ws_connect(url, **kwargs)
  File "/home/pyguy/.local/lib/python3.10/site-packages/aiohttp/client.py", line 779, in _ws_connect
    resp = await self.request(
  File "/home/pyguy/.local/lib/python3.10/site-packages/aiohttp/client.py", line 536, in _request
    conn = await self._connector.connect(
  File "/home/pyguy/.local/lib/python3.10/site-packages/aiohttp/connector.py", line 540, in connect
    proto = await self._create_connection(req, traces, timeout)
  File "/home/pyguy/.local/lib/python3.10/site-packages/aiohttp/connector.py", line 901, in _create_connection
    _, proto = await self._create_direct_connection(req, traces, timeout)
  File "/home/pyguy/.local/lib/python3.10/site-packages/aiohttp/connector.py", line 1166, in _create_direct_connection
    raise ClientConnectorError(req.connection_key, exc) from exc
aiohttp.client_exceptions.ClientConnectorError: Cannot connect to host gateway-us-east1-b.discord.gg:443 ssl:default [Name or service not known]
[31m2024-11-15 21:03:43,879 - discord.client - ERROR - Attempting a reconnect in 19.15s[0m
Traceback (most recent call last):
  File "/home/pyguy/.local/lib/python3.10/site-packages/aiohttp/connector.py", line 1152, in _create_direct_connection
    hosts = await asyncio.shield(host_resolved)
  File "/home/pyguy/.local/lib/python3.10/site-packages/aiohttp/connector.py", line 874, in _resolve_host
    addrs = await self._resolver.resolve(host, port, family=self._family)
  File "/home/pyguy/.local/lib/python3.10/site-packages/aiohttp/resolver.py", line 33, in resolve
    infos = await self._loop.getaddrinfo(
  File "/usr/lib/python3.10/asyncio/base_events.py", line 863, in getaddrinfo
    return await self.run_in_executor(
  File "/usr/lib/python3.10/concurrent/futures/thread.py", line 58, in run
    result = self.fn(*self.args, **self.kwargs)
  File "/usr/lib/python3.10/socket.py", line 955, in getaddrinfo
    for res in _socket.getaddrinfo(host, port, family, type, proto, flags):
socket.gaierror: [Errno -2] Name or service not known

The above exception was the direct cause of the following exception:

Traceback (most recent call last):
  File "/home/pyguy/.local/lib/python3.10/site-packages/discord/client.py", line 656, in connect
    self.ws = await asyncio.wait_for(coro, timeout=60.0)
  File "/usr/lib/python3.10/asyncio/tasks.py", line 445, in wait_for
    return fut.result()
  File "/home/pyguy/.local/lib/python3.10/site-packages/discord/gateway.py", line 372, in from_client
    socket = await client.http.ws_connect(str(url))
  File "/home/pyguy/.local/lib/python3.10/site-packages/discord/http.py", line 536, in ws_connect
    return await self.__session.ws_connect(url, **kwargs)
  File "/home/pyguy/.local/lib/python3.10/site-packages/aiohttp/client.py", line 779, in _ws_connect
    resp = await self.request(
  File "/home/pyguy/.local/lib/python3.10/site-packages/aiohttp/client.py", line 536, in _request
    conn = await self._connector.connect(
  File "/home/pyguy/.local/lib/python3.10/site-packages/aiohttp/connector.py", line 540, in connect
    proto = await self._create_connection(req, traces, timeout)
  File "/home/pyguy/.local/lib/python3.10/site-packages/aiohttp/connector.py", line 901, in _create_connection
    _, proto = await self._create_direct_connection(req, traces, timeout)
  File "/home/pyguy/.local/lib/python3.10/site-packages/aiohttp/connector.py", line 1166, in _create_direct_connection
    raise ClientConnectorError(req.connection_key, exc) from exc
aiohttp.client_exceptions.ClientConnectorError: Cannot connect to host gateway-us-east1-b.discord.gg:443 ssl:default [Name or service not known]
[31m2024-11-15 21:04:00,410 - asyncio - ERROR - Unclosed client session
client_session: <aiohttp.client.ClientSession object at 0x7f742a8cfdf0>[0m
[34m2024-11-15 21:18:34,011 - asyncio - DEBUG - Using selector: EpollSelector[0m
[32m2024-11-15 21:18:34,012 - discord.client - INFO - logging in using static token[0m
[32m2024-11-15 21:18:37,640 - discord.gateway - INFO - Shard ID None has connected to Gateway (Session ID: 9cb63a08b4be84e44dd49f1902c12ad4).[0m
[32m2024-11-15 21:18:39,655 - __main__ - INFO - Logged in as Apollo (1306689830629146644)[0m
[32m2024-11-15 21:18:39,664 - __main__ - INFO - Loaded cog: ping.py[0m
[32m2024-11-15 21:18:39,670 - __main__ - INFO - Loaded cog: sayhi.py[0m
[32m2024-11-15 21:18:40,361 - __main__ - INFO - Loaded cog: music.py[0m
[32m2024-11-15 21:19:58,286 - discord.gateway - INFO - Shard ID None has successfully RESUMED session 9cb63a08b4be84e44dd49f1902c12ad4.[0m
[34m2024-11-15 21:22:46,426 - asyncio - DEBUG - Using selector: EpollSelector[0m
[32m2024-11-15 21:22:46,426 - discord.client - INFO - logging in using static token[0m
[32m2024-11-15 21:22:54,744 - discord.gateway - INFO - Shard ID None has connected to Gateway (Session ID: 6810473761a4566d6e37bcea5d31c7d7).[0m
[32m2024-11-15 21:22:56,748 - __main__ - INFO - Logged in as Apollo (1306689830629146644)[0m
[32m2024-11-15 21:22:56,753 - __main__ - INFO - Loaded cog: ping.py[0m
[32m2024-11-15 21:22:56,757 - __main__ - INFO - Loaded cog: sayhi.py[0m
[32m2024-11-15 21:22:57,152 - __main__ - INFO - Loaded cog: music.py[0m
[34m2024-11-15 21:24:54,095 - asyncio - DEBUG - Using selector: EpollSelector[0m
[32m2024-11-15 21:24:54,095 - discord.client - INFO - logging in using static token[0m
[32m2024-11-15 21:25:03,264 - discord.gateway - INFO - Shard ID None has connected to Gateway (Session ID: 85634dda825d6caa026794374c0098fb).[0m
[32m2024-11-15 21:25:05,269 - __main__ - INFO - Logged in as Apollo (1306689830629146644)[0m
[32m2024-11-15 21:25:05,272 - __main__ - INFO - Loaded cog: ping.py[0m
[32m2024-11-15 21:25:05,274 - __main__ - INFO - Loaded cog: sayhi.py[0m
[32m2024-11-15 21:25:05,525 - __main__ - INFO - Loaded cog: music.py[0m
[32m2024-11-15 21:27:00,477 - __main__ - INFO - Commands synced globally.[0m
[32m2024-11-15 21:28:36,853 - cogs.ping - INFO - Ping command executed. Latency: 499ms[0m
[32m2024-11-15 21:30:02,971 - discord.voice_client - INFO - Connecting to voice...[0m
[32m2024-11-15 21:30:02,972 - discord.voice_client - INFO - Starting voice handshake... (connection attempt 1)[0m
[32m2024-11-15 21:30:03,377 - discord.voice_client - INFO - Voice handshake complete. Endpoint found madrid4296.discord.media[0m
[31m2024-11-15 21:30:06,992 - discord.app_commands.tree - ERROR - Ignoring exception in command 'join'[0m
Traceback (most recent call last):
  File "/home/pyguy/Documents/Apollo/cogs/music.py", line 46, in join
    await interaction.response.send_message("Joined the voice channel!")
  File "/home/pyguy/.local/lib/python3.10/site-packages/discord/interactions.py", line 778, in send_message
    await adapter.create_interaction_response(
  File "/home/pyguy/.local/lib/python3.10/site-packages/discord/webhook/async_.py", line 219, in request
    raise NotFound(response, data)
discord.errors.NotFound: 404 Not Found (error code: 10062): Unknown interaction

During handling of the above exception, another exception occurred:

Traceback (most recent call last):
  File "/home/pyguy/.local/lib/python3.10/site-packages/discord/app_commands/commands.py", line 841, in _do_call
    return await self._callback(self.binding, interaction, **params)  # type: ignore
  File "/home/pyguy/Documents/Apollo/cogs/music.py", line 51, in join
    await interaction.response.send_message("An error occurred while trying to join the voice channel.")
  File "/home/pyguy/.local/lib/python3.10/site-packages/discord/interactions.py", line 778, in send_message
    await adapter.create_interaction_response(
  File "/home/pyguy/.local/lib/python3.10/site-packages/discord/webhook/async_.py", line 219, in request
    raise NotFound(response, data)
discord.errors.NotFound: 404 Not Found (error code: 10062): Unknown interaction

The above exception was the direct cause of the following exception:

Traceback (most recent call last):
  File "/home/pyguy/.local/lib/python3.10/site-packages/discord/app_commands/tree.py", line 1248, in _call
    await command._invoke_with_namespace(interaction, namespace)
  File "/home/pyguy/.local/lib/python3.10/site-packages/discord/app_commands/commands.py", line 867, in _invoke_with_namespace
    return await self._do_call(interaction, transformed_values)
  File "/home/pyguy/.local/lib/python3.10/site-packages/discord/app_commands/commands.py", line 860, in _do_call
    raise CommandInvokeError(self, e) from e
discord.app_commands.errors.CommandInvokeError: Command 'join' raised an exception: NotFound: 404 Not Found (error code: 10062): Unknown interaction
[31m2024-11-15 21:30:36,569 - cogs.music - ERROR - Error searching YouTube: [0;31mERROR:[0m Unable to extract [0;34muploader id[0m; please report this issue on https://yt-dl.org/bug . Make sure you are using the latest version; see  https://yt-dl.org/update  on how to update. Be sure to call youtube-dl with the --verbose flag and include its complete output.[0m
[31m2024-11-15 21:30:38,477 - discord.app_commands.tree - ERROR - Ignoring exception in command 'play'[0m
Traceback (most recent call last):
  File "/home/pyguy/Documents/Apollo/cogs/music.py", line 66, in play
    await interaction.response.send_message("Could not find the song.")
  File "/home/pyguy/.local/lib/python3.10/site-packages/discord/interactions.py", line 778, in send_message
    await adapter.create_interaction_response(
  File "/home/pyguy/.local/lib/python3.10/site-packages/discord/webhook/async_.py", line 219, in request
    raise NotFound(response, data)
discord.errors.NotFound: 404 Not Found (error code: 10062): Unknown interaction

During handling of the above exception, another exception occurred:

Traceback (most recent call last):
  File "/home/pyguy/.local/lib/python3.10/site-packages/discord/app_commands/commands.py", line 841, in _do_call
    return await self._callback(self.binding, interaction, **params)  # type: ignore
  File "/home/pyguy/Documents/Apollo/cogs/music.py", line 77, in play
    await interaction.response.send_message("An error occurred while trying to play the song.")
  File "/home/pyguy/.local/lib/python3.10/site-packages/discord/interactions.py", line 778, in send_message
    await adapter.create_interaction_response(
  File "/home/pyguy/.local/lib/python3.10/site-packages/discord/webhook/async_.py", line 219, in request
    raise NotFound(response, data)
discord.errors.NotFound: 404 Not Found (error code: 10062): Unknown interaction

The above exception was the direct cause of the following exception:

Traceback (most recent call last):
  File "/home/pyguy/.local/lib/python3.10/site-packages/discord/app_commands/tree.py", line 1248, in _call
    await command._invoke_with_namespace(interaction, namespace)
  File "/home/pyguy/.local/lib/python3.10/site-packages/discord/app_commands/commands.py", line 867, in _invoke_with_namespace
    return await self._do_call(interaction, transformed_values)
  File "/home/pyguy/.local/lib/python3.10/site-packages/discord/app_commands/commands.py", line 860, in _do_call
    raise CommandInvokeError(self, e) from e
discord.app_commands.errors.CommandInvokeError: Command 'play' raised an exception: NotFound: 404 Not Found (error code: 10062): Unknown interaction
[32m2024-11-15 21:33:47,632 - discord.voice_client - INFO - The voice handshake is being terminated for Channel ID 1303088062049419360 (Guild ID 1303088062049419356)[0m
[32m2024-11-15 21:33:47,637 - discord.voice_client - INFO - Disconnecting from voice normally, close code 1000.[0m
[32m2024-11-15 21:33:48,975 - cogs.music - INFO - Disconnected from voice channel.[0m
[34m2024-11-15 21:44:52,536 - asyncio - DEBUG - Using selector: EpollSelector[0m
[32m2024-11-15 21:44:52,537 - discord.client - INFO - logging in using static token[0m
[32m2024-11-15 21:45:00,753 - discord.gateway - INFO - Shard ID None has connected to Gateway (Session ID: 537ff0d100817eda839673d49e5b6219).[0m
[32m2024-11-15 21:45:02,760 - __main__ - INFO - Logged in as Apollo (1306689830629146644)[0m
[32m2024-11-15 21:45:02,765 - __main__ - INFO - Loaded cog: ping.py[0m
[32m2024-11-15 21:45:02,768 - __main__ - INFO - Loaded cog: sayhi.py[0m
[32m2024-11-15 21:45:03,467 - __main__ - INFO - Loaded cog: music.py[0m
[32m2024-11-15 21:45:07,546 - __main__ - INFO - Commands synced globally.[0m
[32m2024-11-15 21:45:58,177 - discord.voice_client - INFO - Connecting to voice...[0m
[32m2024-11-15 21:45:58,179 - discord.voice_client - INFO - Starting voice handshake... (connection attempt 1)[0m
[32m2024-11-15 21:45:58,668 - discord.voice_client - INFO - Voice handshake complete. Endpoint found madrid4296.discord.media[0m
[31m2024-11-15 21:46:03,081 - discord.app_commands.tree - ERROR - Ignoring exception in command 'join'[0m
Traceback (most recent call last):
  File "/home/pyguy/Documents/Apollo/cogs/music.py", line 47, in join
    await interaction.response.send_message("Joined the voice channel!")
  File "/home/pyguy/.local/lib/python3.10/site-packages/discord/interactions.py", line 778, in send_message
    await adapter.create_interaction_response(
  File "/home/pyguy/.local/lib/python3.10/site-packages/discord/webhook/async_.py", line 219, in request
    raise NotFound(response, data)
discord.errors.NotFound: 404 Not Found (error code: 10062): Unknown interaction

During handling of the above exception, another exception occurred:

Traceback (most recent call last):
  File "/home/pyguy/.local/lib/python3.10/site-packages/discord/app_commands/commands.py", line 841, in _do_call
    return await self._callback(self.binding, interaction, **params)  # type: ignore
  File "/home/pyguy/Documents/Apollo/cogs/music.py", line 52, in join
    await interaction.response.send_message("An error occurred while trying to join the voice channel.")
  File "/home/pyguy/.local/lib/python3.10/site-packages/discord/interactions.py", line 778, in send_message
    await adapter.create_interaction_response(
  File "/home/pyguy/.local/lib/python3.10/site-packages/discord/webhook/async_.py", line 219, in request
    raise NotFound(response, data)
discord.errors.NotFound: 404 Not Found (error code: 10062): Unknown interaction

The above exception was the direct cause of the following exception:

Traceback (most recent call last):
  File "/home/pyguy/.local/lib/python3.10/site-packages/discord/app_commands/tree.py", line 1248, in _call
    await command._invoke_with_namespace(interaction, namespace)
  File "/home/pyguy/.local/lib/python3.10/site-packages/discord/app_commands/commands.py", line 867, in _invoke_with_namespace
    return await self._do_call(interaction, transformed_values)
  File "/home/pyguy/.local/lib/python3.10/site-packages/discord/app_commands/commands.py", line 860, in _do_call
    raise CommandInvokeError(self, e) from e
discord.app_commands.errors.CommandInvokeError: Command 'join' raised an exception: NotFound: 404 Not Found (error code: 10062): Unknown interaction
[31m2024-11-15 21:46:24,949 - cogs.music - ERROR - Error searching YouTube: [0;31mERROR:[0m Unable to extract [0;34muploader id[0m; please report this issue on https://yt-dl.org/bug . Make sure you are using the latest version; see  https://yt-dl.org/update  on how to update. Be sure to call youtube-dl with the --verbose flag and include its complete output.[0m
[31m2024-11-15 21:46:26,236 - discord.app_commands.tree - ERROR - Ignoring exception in command 'play'[0m
Traceback (most recent call last):
  File "/home/pyguy/Documents/Apollo/cogs/music.py", line 67, in play
    await interaction.response.send_message("Could not find the song.")
  File "/home/pyguy/.local/lib/python3.10/site-packages/discord/interactions.py", line 778, in send_message
    await adapter.create_interaction_response(
  File "/home/pyguy/.local/lib/python3.10/site-packages/discord/webhook/async_.py", line 219, in request
    raise NotFound(response, data)
discord.errors.NotFound: 404 Not Found (error code: 10062): Unknown interaction

During handling of the above exception, another exception occurred:

Traceback (most recent call last):
  File "/home/pyguy/.local/lib/python3.10/site-packages/discord/app_commands/commands.py", line 841, in _do_call
    return await self._callback(self.binding, interaction, **params)  # type: ignore
  File "/home/pyguy/Documents/Apollo/cogs/music.py", line 78, in play
    await interaction.response.send_message("An error occurred while trying to play the song.")
  File "/home/pyguy/.local/lib/python3.10/site-packages/discord/interactions.py", line 778, in send_message
    await adapter.create_interaction_response(
  File "/home/pyguy/.local/lib/python3.10/site-packages/discord/webhook/async_.py", line 219, in request
    raise NotFound(response, data)
discord.errors.NotFound: 404 Not Found (error code: 10062): Unknown interaction

The above exception was the direct cause of the following exception:

Traceback (most recent call last):
  File "/home/pyguy/.local/lib/python3.10/site-packages/discord/app_commands/tree.py", line 1248, in _call
    await command._invoke_with_namespace(interaction, namespace)
  File "/home/pyguy/.local/lib/python3.10/site-packages/discord/app_commands/commands.py", line 867, in _invoke_with_namespace
    return await self._do_call(interaction, transformed_values)
  File "/home/pyguy/.local/lib/python3.10/site-packages/discord/app_commands/commands.py", line 860, in _do_call
    raise CommandInvokeError(self, e) from e
discord.app_commands.errors.CommandInvokeError: Command 'play' raised an exception: NotFound: 404 Not Found (error code: 10062): Unknown interaction
[31m2024-11-15 21:48:05,046 - cogs.music - ERROR - Error searching YouTube: [0;31mERROR:[0m Unable to extract [0;34muploader id[0m; please report this issue on https://yt-dl.org/bug . Make sure you are using the latest version; see  https://yt-dl.org/update  on how to update. Be sure to call youtube-dl with the --verbose flag and include its complete output.[0m
[31m2024-11-15 21:48:06,443 - discord.app_commands.tree - ERROR - Ignoring exception in command 'play'[0m
Traceback (most recent call last):
  File "/home/pyguy/Documents/Apollo/cogs/music.py", line 67, in play
    await interaction.response.send_message("Could not find the song.")
  File "/home/pyguy/.local/lib/python3.10/site-packages/discord/interactions.py", line 778, in send_message
    await adapter.create_interaction_response(
  File "/home/pyguy/.local/lib/python3.10/site-packages/discord/webhook/async_.py", line 219, in request
    raise NotFound(response, data)
discord.errors.NotFound: 404 Not Found (error code: 10062): Unknown interaction

During handling of the above exception, another exception occurred:

Traceback (most recent call last):
  File "/home/pyguy/.local/lib/python3.10/site-packages/discord/app_commands/commands.py", line 841, in _do_call
    return await self._callback(self.binding, interaction, **params)  # type: ignore
  File "/home/pyguy/Documents/Apollo/cogs/music.py", line 78, in play
    await interaction.response.send_message("An error occurred while trying to play the song.")
  File "/home/pyguy/.local/lib/python3.10/site-packages/discord/interactions.py", line 778, in send_message
    await adapter.create_interaction_response(
  File "/home/pyguy/.local/lib/python3.10/site-packages/discord/webhook/async_.py", line 219, in request
    raise NotFound(response, data)
discord.errors.NotFound: 404 Not Found (error code: 10062): Unknown interaction

The above exception was the direct cause of the following exception:

Traceback (most recent call last):
  File "/home/pyguy/.local/lib/python3.10/site-packages/discord/app_commands/tree.py", line 1248, in _call
    await command._invoke_with_namespace(interaction, namespace)
  File "/home/pyguy/.local/lib/python3.10/site-packages/discord/app_commands/commands.py", line 867, in _invoke_with_namespace
    return await self._do_call(interaction, transformed_values)
  File "/home/pyguy/.local/lib/python3.10/site-packages/discord/app_commands/commands.py", line 860, in _do_call
    raise CommandInvokeError(self, e) from e
discord.app_commands.errors.CommandInvokeError: Command 'play' raised an exception: NotFound: 404 Not Found (error code: 10062): Unknown interaction
[32m2024-11-15 21:49:48,956 - discord.voice_client - INFO - The voice handshake is being terminated for Channel ID 1303088062049419360 (Guild ID 1303088062049419356)[0m
[34m2024-11-15 21:54:55,762 - asyncio - DEBUG - Using selector: EpollSelector[0m
[32m2024-11-15 21:54:55,763 - discord.client - INFO - logging in using static token[0m
[32m2024-11-15 21:54:59,992 - discord.gateway - INFO - Shard ID None has connected to Gateway (Session ID: 02f9f5cfd8b0f1a20068f0b53091faa4).[0m
[32m2024-11-15 21:55:01,999 - __main__ - INFO - Logged in as Apollo (1306689830629146644)[0m
[32m2024-11-15 21:55:02,005 - __main__ - INFO - Loaded cog: ping.py[0m
[32m2024-11-15 21:55:02,008 - __main__ - INFO - Loaded cog: sayhi.py[0m
[32m2024-11-15 21:55:02,452 - __main__ - INFO - Loaded cog: music.py[0m
[32m2024-11-15 21:55:06,815 - __main__ - INFO - Commands synced globally.[0m
[32m2024-11-15 21:56:03,967 - discord.voice_client - INFO - Connecting to voice...[0m
[32m2024-11-15 21:56:03,970 - discord.voice_client - INFO - Starting voice handshake... (connection attempt 1)[0m
[32m2024-11-15 21:56:04,454 - discord.voice_client - INFO - Voice handshake complete. Endpoint found madrid4296.discord.media[0m
[31m2024-11-15 21:56:08,528 - discord.app_commands.tree - ERROR - Ignoring exception in command 'join'[0m
Traceback (most recent call last):
  File "/home/pyguy/Documents/Apollo/cogs/music.py", line 46, in join
    await interaction.response.send_message("Joined the voice channel!")
  File "/home/pyguy/Documents/Apollo/.venv/lib/python3.10/site-packages/discord/interactions.py", line 778, in send_message
    await adapter.create_interaction_response(
  File "/home/pyguy/Documents/Apollo/.venv/lib/python3.10/site-packages/discord/webhook/async_.py", line 219, in request
    raise NotFound(response, data)
discord.errors.NotFound: 404 Not Found (error code: 10062): Unknown interaction

During handling of the above exception, another exception occurred:

Traceback (most recent call last):
  File "/home/pyguy/Documents/Apollo/.venv/lib/python3.10/site-packages/discord/app_commands/commands.py", line 841, in _do_call
    return await self._callback(self.binding, interaction, **params)  # type: ignore
  File "/home/pyguy/Documents/Apollo/cogs/music.py", line 51, in join
    await interaction.response.send_message("An error occurred while trying to join the voice channel.")
  File "/home/pyguy/Documents/Apollo/.venv/lib/python3.10/site-packages/discord/interactions.py", line 778, in send_message
    await adapter.create_interaction_response(
  File "/home/pyguy/Documents/Apollo/.venv/lib/python3.10/site-packages/discord/webhook/async_.py", line 219, in request
    raise NotFound(response, data)
discord.errors.NotFound: 404 Not Found (error code: 10062): Unknown interaction

The above exception was the direct cause of the following exception:

Traceback (most recent call last):
  File "/home/pyguy/Documents/Apollo/.venv/lib/python3.10/site-packages/discord/app_commands/tree.py", line 1248, in _call
    await command._invoke_with_namespace(interaction, namespace)
  File "/home/pyguy/Documents/Apollo/.venv/lib/python3.10/site-packages/discord/app_commands/commands.py", line 867, in _invoke_with_namespace
    return await self._do_call(interaction, transformed_values)
  File "/home/pyguy/Documents/Apollo/.venv/lib/python3.10/site-packages/discord/app_commands/commands.py", line 860, in _do_call
    raise CommandInvokeError(self, e) from e
discord.app_commands.errors.CommandInvokeError: Command 'join' raised an exception: NotFound: 404 Not Found (error code: 10062): Unknown interaction
[33m2024-11-15 21:56:50,828 - discord.gateway - WARNING - Shard ID None voice heartbeat blocked for more than 10 seconds
Loop thread traceback (most recent call last):
  File "/home/pyguy/Documents/Apollo/main.py", line 66, in <module>
    bot.run(DISCORD_TOKEN)
  File "/home/pyguy/Documents/Apollo/.venv/lib/python3.10/site-packages/discord/client.py", line 860, in run
    asyncio.run(runner())
  File "/usr/lib/python3.10/asyncio/runners.py", line 44, in run
    return loop.run_until_complete(main)
  File "/usr/lib/python3.10/asyncio/base_events.py", line 636, in run_until_complete
    self.run_forever()
  File "/usr/lib/python3.10/asyncio/base_events.py", line 603, in run_forever
    self._run_once()
  File "/usr/lib/python3.10/asyncio/base_events.py", line 1909, in _run_once
    handle._run()
  File "/usr/lib/python3.10/asyncio/events.py", line 80, in _run
    self._context.run(self._callback, *self._args)
  File "/home/pyguy/Documents/Apollo/.venv/lib/python3.10/site-packages/discord/app_commands/tree.py", line 1089, in wrapper
    await self._call(interaction)
  File "/home/pyguy/Documents/Apollo/.venv/lib/python3.10/site-packages/discord/app_commands/tree.py", line 1248, in _call
    await command._invoke_with_namespace(interaction, namespace)
  File "/home/pyguy/Documents/Apollo/.venv/lib/python3.10/site-packages/discord/app_commands/commands.py", line 867, in _invoke_with_namespace
    return await self._do_call(interaction, transformed_values)
  File "/home/pyguy/Documents/Apollo/.venv/lib/python3.10/site-packages/discord/app_commands/commands.py", line 841, in _do_call
    return await self._callback(self.binding, interaction, **params)  # type: ignore
  File "/home/pyguy/Documents/Apollo/cogs/music.py", line 67, in play
    url = await self.search_youtube(query)
  File "/home/pyguy/Documents/Apollo/cogs/music.py", line 33, in search_youtube
    info = ytdl.extract_info(f"ytsearch:{query}", download=False)['entries'][0]
  File "/home/pyguy/Documents/Apollo/.venv/lib/python3.10/site-packages/yt_dlp/YoutubeDL.py", line 1614, in extract_info
    return self.__extract_info(url, self.get_info_extractor(key), download, extra_info, process)
  File "/home/pyguy/Documents/Apollo/.venv/lib/python3.10/site-packages/yt_dlp/YoutubeDL.py", line 1625, in wrapper
    return func(self, *args, **kwargs)
  File "/home/pyguy/Documents/Apollo/.venv/lib/python3.10/site-packages/yt_dlp/YoutubeDL.py", line 1781, in __extract_info
    return self.process_ie_result(ie_result, download, extra_info)
  File "/home/pyguy/Documents/Apollo/.venv/lib/python3.10/site-packages/yt_dlp/YoutubeDL.py", line 1910, in process_ie_result
    return self.__process_playlist(ie_result, download)
  File "/home/pyguy/Documents/Apollo/.venv/lib/python3.10/site-packages/yt_dlp/YoutubeDL.py", line 2057, in __process_playlist
    entry_result = self.__process_iterable_entry(entry, download, collections.ChainMap({
  File "/home/pyguy/Documents/Apollo/.venv/lib/python3.10/site-packages/yt_dlp/YoutubeDL.py", line 1625, in wrapper
    return func(self, *args, **kwargs)
  File "/home/pyguy/Documents/Apollo/.venv/lib/python3.10/site-packages/yt_dlp/YoutubeDL.py", line 2089, in __process_iterable_entry
    return self.process_ie_result(
  File "/home/pyguy/Documents/Apollo/.venv/lib/python3.10/site-packages/yt_dlp/YoutubeDL.py", line 1860, in process_ie_result
    return self.extract_info(
  File "/home/pyguy/Documents/Apollo/.venv/lib/python3.10/site-packages/yt_dlp/YoutubeDL.py", line 1614, in extract_info
    return self.__extract_info(url, self.get_info_extractor(key), download, extra_info, process)
  File "/home/pyguy/Documents/Apollo/.venv/lib/python3.10/site-packages/yt_dlp/YoutubeDL.py", line 1625, in wrapper
    return func(self, *args, **kwargs)
  File "/home/pyguy/Documents/Apollo/.venv/lib/python3.10/site-packages/yt_dlp/YoutubeDL.py", line 1760, in __extract_info
    ie_result = ie.extract(url)
  File "/home/pyguy/Documents/Apollo/.venv/lib/python3.10/site-packages/yt_dlp/extractor/common.py", line 742, in extract
    ie_result = self._real_extract(url)
  File "/home/pyguy/Documents/Apollo/.venv/lib/python3.10/site-packages/yt_dlp/extractor/youtube.py", line 4651, in _real_extract
    self._list_formats(video_id, microformats, video_details, player_responses, player_url, duration)
  File "/home/pyguy/Documents/Apollo/.venv/lib/python3.10/site-packages/yt_dlp/extractor/youtube.py", line 4554, in _list_formats
    *formats, subtitles = self._extract_formats_and_subtitles(streaming_data, video_id, player_url, live_status, duration)
  File "/home/pyguy/Documents/Apollo/.venv/lib/python3.10/site-packages/yt_dlp/extractor/youtube.py", line 4459, in _extract_formats_and_subtitles
    fmts, subs = self._extract_m3u8_formats_and_subtitles(
  File "/home/pyguy/Documents/Apollo/.venv/lib/python3.10/site-packages/yt_dlp/extractor/common.py", line 2063, in _extract_m3u8_formats_and_subtitles
    res = self._download_webpage_handle(
  File "/home/pyguy/Documents/Apollo/.venv/lib/python3.10/site-packages/yt_dlp/extractor/common.py", line 962, in _download_webpage_handle
    urlh = self._request_webpage(url_or_request, video_id, note, errnote, fatal, data=data,
  File "/home/pyguy/Documents/Apollo/.venv/lib/python3.10/site-packages/yt_dlp/extractor/common.py", line 898, in _request_webpage
    return self._downloader.urlopen(self._create_request(url_or_request, data, headers, query, extensions))
  File "/home/pyguy/Documents/Apollo/.venv/lib/python3.10/site-packages/yt_dlp/YoutubeDL.py", line 4162, in urlopen
    return self._request_director.send(req)
  File "/home/pyguy/Documents/Apollo/.venv/lib/python3.10/site-packages/yt_dlp/networking/common.py", line 117, in send
    response = handler.send(request)
  File "/home/pyguy/Documents/Apollo/.venv/lib/python3.10/site-packages/yt_dlp/networking/_helper.py", line 208, in wrapper
    return func(self, *args, **kwargs)
  File "/home/pyguy/Documents/Apollo/.venv/lib/python3.10/site-packages/yt_dlp/networking/common.py", line 340, in send
    return self._send(request)
  File "/home/pyguy/Documents/Apollo/.venv/lib/python3.10/site-packages/yt_dlp/networking/_requests.py", line 328, in _send
    requests_res = session.request(
  File "/home/pyguy/Documents/Apollo/.venv/lib/python3.10/site-packages/requests/sessions.py", line 589, in request
    resp = self.send(prep, **send_kwargs)
  File "/home/pyguy/Documents/Apollo/.venv/lib/python3.10/site-packages/requests/sessions.py", line 703, in send
    r = adapter.send(request, **kwargs)
  File "/home/pyguy/Documents/Apollo/.venv/lib/python3.10/site-packages/requests/adapters.py", line 667, in send
    resp = conn.urlopen(
  File "/home/pyguy/Documents/Apollo/.venv/lib/python3.10/site-packages/urllib3/connectionpool.py", line 789, in urlopen
    response = self._make_request(
  File "/home/pyguy/Documents/Apollo/.venv/lib/python3.10/site-packages/urllib3/connectionpool.py", line 466, in _make_request
    self._validate_conn(conn)
  File "/home/pyguy/Documents/Apollo/.venv/lib/python3.10/site-packages/urllib3/connectionpool.py", line 1095, in _validate_conn
    conn.connect()
  File "/home/pyguy/Documents/Apollo/.venv/lib/python3.10/site-packages/urllib3/connection.py", line 730, in connect
    sock_and_verified = _ssl_wrap_socket_and_match_hostname(
  File "/home/pyguy/Documents/Apollo/.venv/lib/python3.10/site-packages/urllib3/connection.py", line 909, in _ssl_wrap_socket_and_match_hostname
    ssl_sock = ssl_wrap_socket(
  File "/home/pyguy/Documents/Apollo/.venv/lib/python3.10/site-packages/urllib3/util/ssl_.py", line 469, in ssl_wrap_socket
    ssl_sock = _ssl_wrap_socket_impl(sock, context, tls_in_tls, server_hostname)
  File "/home/pyguy/Documents/Apollo/.venv/lib/python3.10/site-packages/urllib3/util/ssl_.py", line 513, in _ssl_wrap_socket_impl
    return ssl_context.wrap_socket(sock, server_hostname=server_hostname)
  File "/usr/lib/python3.10/ssl.py", line 513, in wrap_socket
    return self.sslsocket_class._create(
  File "/usr/lib/python3.10/ssl.py", line 1100, in _create
    self.do_handshake()
  File "/usr/lib/python3.10/ssl.py", line 1371, in do_handshake
    self._sslobj.do_handshake()
[0m
[32m2024-11-15 21:56:56,641 - discord.player - INFO - ffmpeg process 7282 successfully terminated with return code of 1.[0m
[32m2024-11-15 21:56:59,071 - cogs.music - INFO - Playing song from URL: https://www.youtube.com/watch?v=fJ9rUzIMcZQ[0m
[33m2024-11-15 21:58:41,853 - discord.gateway - WARNING - Shard ID None voice heartbeat blocked for more than 10 seconds
Loop thread traceback (most recent call last):
  File "/home/pyguy/Documents/Apollo/main.py", line 66, in <module>
    bot.run(DISCORD_TOKEN)
  File "/home/pyguy/Documents/Apollo/.venv/lib/python3.10/site-packages/discord/client.py", line 860, in run
    asyncio.run(runner())
  File "/usr/lib/python3.10/asyncio/runners.py", line 44, in run
    return loop.run_until_complete(main)
  File "/usr/lib/python3.10/asyncio/base_events.py", line 636, in run_until_complete
    self.run_forever()
  File "/usr/lib/python3.10/asyncio/base_events.py", line 603, in run_forever
    self._run_once()
  File "/usr/lib/python3.10/asyncio/base_events.py", line 1909, in _run_once
    handle._run()
  File "/usr/lib/python3.10/asyncio/events.py", line 80, in _run
    self._context.run(self._callback, *self._args)
  File "/home/pyguy/Documents/Apollo/.venv/lib/python3.10/site-packages/discord/app_commands/tree.py", line 1089, in wrapper
    await self._call(interaction)
  File "/home/pyguy/Documents/Apollo/.venv/lib/python3.10/site-packages/discord/app_commands/tree.py", line 1248, in _call
    await command._invoke_with_namespace(interaction, namespace)
  File "/home/pyguy/Documents/Apollo/.venv/lib/python3.10/site-packages/discord/app_commands/commands.py", line 867, in _invoke_with_namespace
    return await self._do_call(interaction, transformed_values)
  File "/home/pyguy/Documents/Apollo/.venv/lib/python3.10/site-packages/discord/app_commands/commands.py", line 841, in _do_call
    return await self._callback(self.binding, interaction, **params)  # type: ignore
  File "/home/pyguy/Documents/Apollo/cogs/music.py", line 67, in play
    url = await self.search_youtube(query)
  File "/home/pyguy/Documents/Apollo/cogs/music.py", line 33, in search_youtube
    info = ytdl.extract_info(f"ytsearch:{query}", download=False)['entries'][0]
  File "/home/pyguy/Documents/Apollo/.venv/lib/python3.10/site-packages/yt_dlp/YoutubeDL.py", line 1614, in extract_info
    return self.__extract_info(url, self.get_info_extractor(key), download, extra_info, process)
  File "/home/pyguy/Documents/Apollo/.venv/lib/python3.10/site-packages/yt_dlp/YoutubeDL.py", line 1625, in wrapper
    return func(self, *args, **kwargs)
  File "/home/pyguy/Documents/Apollo/.venv/lib/python3.10/site-packages/yt_dlp/YoutubeDL.py", line 1781, in __extract_info
    return self.process_ie_result(ie_result, download, extra_info)
  File "/home/pyguy/Documents/Apollo/.venv/lib/python3.10/site-packages/yt_dlp/YoutubeDL.py", line 1910, in process_ie_result
    return self.__process_playlist(ie_result, download)
  File "/home/pyguy/Documents/Apollo/.venv/lib/python3.10/site-packages/yt_dlp/YoutubeDL.py", line 2057, in __process_playlist
    entry_result = self.__process_iterable_entry(entry, download, collections.ChainMap({
  File "/home/pyguy/Documents/Apollo/.venv/lib/python3.10/site-packages/yt_dlp/YoutubeDL.py", line 1625, in wrapper
    return func(self, *args, **kwargs)
  File "/home/pyguy/Documents/Apollo/.venv/lib/python3.10/site-packages/yt_dlp/YoutubeDL.py", line 2089, in __process_iterable_entry
    return self.process_ie_result(
  File "/home/pyguy/Documents/Apollo/.venv/lib/python3.10/site-packages/yt_dlp/YoutubeDL.py", line 1860, in process_ie_result
    return self.extract_info(
  File "/home/pyguy/Documents/Apollo/.venv/lib/python3.10/site-packages/yt_dlp/YoutubeDL.py", line 1614, in extract_info
    return self.__extract_info(url, self.get_info_extractor(key), download, extra_info, process)
  File "/home/pyguy/Documents/Apollo/.venv/lib/python3.10/site-packages/yt_dlp/YoutubeDL.py", line 1625, in wrapper
    return func(self, *args, **kwargs)
  File "/home/pyguy/Documents/Apollo/.venv/lib/python3.10/site-packages/yt_dlp/YoutubeDL.py", line 1760, in __extract_info
    ie_result = ie.extract(url)
  File "/home/pyguy/Documents/Apollo/.venv/lib/python3.10/site-packages/yt_dlp/extractor/common.py", line 742, in extract
    ie_result = self._real_extract(url)
  File "/home/pyguy/Documents/Apollo/.venv/lib/python3.10/site-packages/yt_dlp/extractor/youtube.py", line 4651, in _real_extract
    self._list_formats(video_id, microformats, video_details, player_responses, player_url, duration)
  File "/home/pyguy/Documents/Apollo/.venv/lib/python3.10/site-packages/yt_dlp/extractor/youtube.py", line 4554, in _list_formats
    *formats, subtitles = self._extract_formats_and_subtitles(streaming_data, video_id, player_url, live_status, duration)
  File "/home/pyguy/Documents/Apollo/.venv/lib/python3.10/site-packages/yt_dlp/extractor/youtube.py", line 4459, in _extract_formats_and_subtitles
    fmts, subs = self._extract_m3u8_formats_and_subtitles(
  File "/home/pyguy/Documents/Apollo/.venv/lib/python3.10/site-packages/yt_dlp/extractor/common.py", line 2063, in _extract_m3u8_formats_and_subtitles
    res = self._download_webpage_handle(
  File "/home/pyguy/Documents/Apollo/.venv/lib/python3.10/site-packages/yt_dlp/extractor/common.py", line 962, in _download_webpage_handle
    urlh = self._request_webpage(url_or_request, video_id, note, errnote, fatal, data=data,
  File "/home/pyguy/Documents/Apollo/.venv/lib/python3.10/site-packages/yt_dlp/extractor/common.py", line 898, in _request_webpage
    return self._downloader.urlopen(self._create_request(url_or_request, data, headers, query, extensions))
  File "/home/pyguy/Documents/Apollo/.venv/lib/python3.10/site-packages/yt_dlp/YoutubeDL.py", line 4162, in urlopen
    return self._request_director.send(req)
  File "/home/pyguy/Documents/Apollo/.venv/lib/python3.10/site-packages/yt_dlp/networking/common.py", line 117, in send
    response = handler.send(request)
  File "/home/pyguy/Documents/Apollo/.venv/lib/python3.10/site-packages/yt_dlp/networking/_helper.py", line 208, in wrapper
    return func(self, *args, **kwargs)
  File "/home/pyguy/Documents/Apollo/.venv/lib/python3.10/site-packages/yt_dlp/networking/common.py", line 340, in send
    return self._send(request)
  File "/home/pyguy/Documents/Apollo/.venv/lib/python3.10/site-packages/yt_dlp/networking/_requests.py", line 328, in _send
    requests_res = session.request(
  File "/home/pyguy/Documents/Apollo/.venv/lib/python3.10/site-packages/requests/sessions.py", line 589, in request
    resp = self.send(prep, **send_kwargs)
  File "/home/pyguy/Documents/Apollo/.venv/lib/python3.10/site-packages/requests/sessions.py", line 703, in send
    r = adapter.send(request, **kwargs)
  File "/home/pyguy/Documents/Apollo/.venv/lib/python3.10/site-packages/requests/adapters.py", line 667, in send
    resp = conn.urlopen(
  File "/home/pyguy/Documents/Apollo/.venv/lib/python3.10/site-packages/urllib3/connectionpool.py", line 789, in urlopen
    response = self._make_request(
  File "/home/pyguy/Documents/Apollo/.venv/lib/python3.10/site-packages/urllib3/connectionpool.py", line 536, in _make_request
    response = conn.getresponse()
  File "/home/pyguy/Documents/Apollo/.venv/lib/python3.10/site-packages/urllib3/connection.py", line 507, in getresponse
    httplib_response = super().getresponse()
  File "/usr/lib/python3.10/http/client.py", line 1375, in getresponse
    response.begin()
  File "/usr/lib/python3.10/http/client.py", line 318, in begin
    version, status, reason = self._read_status()
  File "/usr/lib/python3.10/http/client.py", line 279, in _read_status
    line = str(self.fp.readline(_MAXLINE + 1), "iso-8859-1")
  File "/usr/lib/python3.10/socket.py", line 705, in readinto
    return self._sock.recv_into(b)
  File "/usr/lib/python3.10/ssl.py", line 1303, in recv_into
    return self.read(nbytes, buffer)
  File "/usr/lib/python3.10/ssl.py", line 1159, in read
    return self._sslobj.read(len, buffer)
[0m
[32m2024-11-15 21:58:43,596 - cogs.music - INFO - Playing song from URL: https://www.youtube.com/watch?v=XqZsoesa55w[0m
[32m2024-11-15 21:58:48,246 - discord.player - INFO - ffmpeg process 7431 successfully terminated with return code of 1.[0m
[32m2024-11-15 22:00:53,436 - discord.voice_client - INFO - The voice handshake is being terminated for Channel ID 1303088062049419360 (Guild ID 1303088062049419356)[0m
[34m2024-11-15 22:03:07,962 - asyncio - DEBUG - Using selector: EpollSelector[0m
[32m2024-11-15 22:03:07,962 - discord.client - INFO - logging in using static token[0m
[32m2024-11-15 22:03:10,492 - discord.gateway - INFO - Shard ID None has connected to Gateway (Session ID: cf11e9974f9855764ad2cfbb61c61aea).[0m
[32m2024-11-15 22:03:12,495 - __main__ - INFO - Logged in as Apollo (1306689830629146644)[0m
[32m2024-11-15 22:03:12,499 - __main__ - INFO - Loaded cog: ping.py[0m
[32m2024-11-15 22:03:12,500 - __main__ - INFO - Loaded cog: sayhi.py[0m
[32m2024-11-15 22:03:12,942 - __main__ - INFO - Loaded cog: music.py[0m
[31m2024-11-15 22:03:21,778 - cogs.music - ERROR - Failed to play song: 'Command' object is not callable[0m
[32m2024-11-15 22:03:28,866 - discord.voice_client - INFO - Connecting to voice...[0m
[32m2024-11-15 22:03:28,869 - discord.voice_client - INFO - Starting voice handshake... (connection attempt 1)[0m
[32m2024-11-15 22:03:29,344 - discord.voice_client - INFO - Voice handshake complete. Endpoint found madrid4296.discord.media[0m
[32m2024-11-15 22:03:31,570 - cogs.music - INFO - Joined voice channel: General[0m
[31m2024-11-15 22:03:35,931 - cogs.music - ERROR - Error searching YouTube: list index out of range[0m
[32m2024-11-15 22:04:13,021 - cogs.music - INFO - Playing song from URL: https://www.youtube.com/watch?v=fJ9rUzIMcZQ[0m
[32m2024-11-15 22:04:17,377 - discord.player - INFO - ffmpeg process 7927 has not terminated. Waiting to terminate...[0m
[32m2024-11-15 22:04:17,378 - discord.player - INFO - ffmpeg process 7927 should have terminated with a return code of 1.[0m
[32m2024-11-15 22:04:59,867 - discord.voice_client - INFO - The voice handshake is being terminated for Channel ID 1303088062049419360 (Guild ID 1303088062049419356)[0m
[32m2024-11-15 22:04:59,869 - discord.voice_client - INFO - Disconnecting from voice normally, close code 1000.[0m
[32m2024-11-15 22:05:01,271 - cogs.music - INFO - Disconnected from voice channel.[0m
[34m2024-11-15 22:12:06,218 - asyncio - DEBUG - Using selector: EpollSelector[0m
[32m2024-11-15 22:12:06,218 - discord.client - INFO - logging in using static token[0m
[32m2024-11-15 22:12:09,236 - discord.gateway - INFO - Shard ID None has connected to Gateway (Session ID: e523f52d43d1daae47c6092b638e4b29).[0m
[32m2024-11-15 22:12:11,286 - __main__ - INFO - Logged in as Apollo (1306689830629146644)[0m
[32m2024-11-15 22:12:11,291 - __main__ - INFO - Loaded cog: ping.py[0m
[32m2024-11-15 22:12:11,293 - __main__ - INFO - Loaded cog: sayhi.py[0m
[32m2024-11-15 22:12:11,637 - __main__ - INFO - Loaded cog: music.py[0m
[32m2024-11-15 22:12:28,365 - __main__ - INFO - Commands synced globally.[0m
[32m2024-11-15 22:13:02,808 - discord.voice_client - INFO - Connecting to voice...[0m
[32m2024-11-15 22:13:02,810 - discord.voice_client - INFO - Starting voice handshake... (connection attempt 1)[0m
[32m2024-11-15 22:13:03,291 - discord.voice_client - INFO - Voice handshake complete. Endpoint found madrid4296.discord.media[0m
[31m2024-11-15 22:13:06,786 - discord.app_commands.tree - ERROR - Ignoring exception in command 'join'[0m
Traceback (most recent call last):
  File "/home/pyguy/Documents/Apollo/cogs/music.py", line 48, in join
    await interaction.response.send_message("Joined the voice channel!")
  File "/home/pyguy/Documents/Apollo/.venv/lib/python3.10/site-packages/discord/interactions.py", line 778, in send_message
    await adapter.create_interaction_response(
  File "/home/pyguy/Documents/Apollo/.venv/lib/python3.10/site-packages/discord/webhook/async_.py", line 219, in request
    raise NotFound(response, data)
discord.errors.NotFound: 404 Not Found (error code: 10062): Unknown interaction

During handling of the above exception, another exception occurred:

Traceback (most recent call last):
  File "/home/pyguy/Documents/Apollo/.venv/lib/python3.10/site-packages/discord/app_commands/commands.py", line 841, in _do_call
    return await self._callback(self.binding, interaction, **params)  # type: ignore
  File "/home/pyguy/Documents/Apollo/cogs/music.py", line 53, in join
    await interaction.response.send_message("An error occurred while trying to join the voice channel.")
  File "/home/pyguy/Documents/Apollo/.venv/lib/python3.10/site-packages/discord/interactions.py", line 778, in send_message
    await adapter.create_interaction_response(
  File "/home/pyguy/Documents/Apollo/.venv/lib/python3.10/site-packages/discord/webhook/async_.py", line 219, in request
    raise NotFound(response, data)
discord.errors.NotFound: 404 Not Found (error code: 10062): Unknown interaction

The above exception was the direct cause of the following exception:

Traceback (most recent call last):
  File "/home/pyguy/Documents/Apollo/.venv/lib/python3.10/site-packages/discord/app_commands/tree.py", line 1248, in _call
    await command._invoke_with_namespace(interaction, namespace)
  File "/home/pyguy/Documents/Apollo/.venv/lib/python3.10/site-packages/discord/app_commands/commands.py", line 867, in _invoke_with_namespace
    return await self._do_call(interaction, transformed_values)
  File "/home/pyguy/Documents/Apollo/.venv/lib/python3.10/site-packages/discord/app_commands/commands.py", line 860, in _do_call
    raise CommandInvokeError(self, e) from e
discord.app_commands.errors.CommandInvokeError: Command 'join' raised an exception: NotFound: 404 Not Found (error code: 10062): Unknown interaction
[31m2024-11-15 22:13:19,814 - cogs.music - ERROR - Failed to play audio stream: 'MusicCog' object has no attribute 'search_youtube_audio'[0m
[32m2024-11-15 22:14:56,475 - discord.voice_client - INFO - The voice handshake is being terminated for Channel ID 1303088062049419360 (Guild ID 1303088062049419356)[0m
[34m2024-11-15 22:14:59,886 - asyncio - DEBUG - Using selector: EpollSelector[0m
[32m2024-11-15 22:14:59,887 - discord.client - INFO - logging in using static token[0m
[32m2024-11-15 22:15:03,833 - discord.gateway - INFO - Shard ID None has connected to Gateway (Session ID: dc93ac9eae530e2a987f8705bca68181).[0m
[32m2024-11-15 22:15:06,656 - __main__ - INFO - Logged in as Apollo (1306689830629146644)[0m
[32m2024-11-15 22:15:06,658 - __main__ - INFO - Loaded cog: ping.py[0m
[32m2024-11-15 22:15:06,659 - __main__ - INFO - Loaded cog: sayhi.py[0m
[32m2024-11-15 22:15:07,034 - __main__ - INFO - Loaded cog: music.py[0m
[32m2024-11-15 22:15:07,933 - __main__ - INFO - Commands synced globally.[0m
[32m2024-11-15 22:15:49,698 - discord.voice_client - INFO - Connecting to voice...[0m
[32m2024-11-15 22:15:49,699 - discord.voice_client - INFO - Starting voice handshake... (connection attempt 1)[0m
[32m2024-11-15 22:15:50,089 - discord.voice_client - INFO - Voice handshake complete. Endpoint found madrid4296.discord.media[0m
[32m2024-11-15 22:15:52,694 - cogs.music - INFO - Joined voice channel: General[0m
[32m2024-11-15 22:16:12,881 - cogs.music - INFO - Playing audio stream from URL: https://rr2---sn-5pguxaob-5c8l.googlevideo.com/videoplayback?expire=1731726966&ei=Fro3Z-byH5GLp-oP7bSvkAM&ip=105.112.224.180&id=o-AIUvj_37IpTOjNAi-z88gbeCmqx7B_alfEQwzz5aXnf4&itag=251&source=youtube&requiressl=yes&xpc=EgVo2aDSNQ%3D%3D&met=1731705366%2C&mh=8d&mm=31%2C29&mn=sn-5pguxaob-5c8l%2Csn-aigl6nsd&ms=au%2Crdu&mv=m&mvi=2&pl=24&rms=au%2Cau&initcwndbps=92500&spc=qtApAb3GFu2I_djXqY9ezsBhFKgc08XBgkwvwFMXr1S7dN8&vprv=1&svpuc=1&mime=audio%2Fwebm&rqh=1&gir=yes&clen=5956710&dur=359.461&lmt=1714760295513640&mt=1731704968&fvip=3&keepalive=yes&fexp=51299154%2C51312688%2C51326932&c=IOS&txp=4502434&sparams=expire%2Cei%2Cip%2Cid%2Citag%2Csource%2Crequiressl%2Cxpc%2Cspc%2Cvprv%2Csvpuc%2Cmime%2Crqh%2Cgir%2Cclen%2Cdur%2Clmt&sig=AJfQdSswRQIhAMuSTbAa4RXrMRT3k2DIOl_yvSKY21NPALLRjXceB14bAiAFErR9DyzSr7Olsp_mj6nOfBfCsiMaR9eosCxWfSBfUA%3D%3D&lsparams=met%2Cmh%2Cmm%2Cmn%2Cms%2Cmv%2Cmvi%2Cpl%2Crms%2Cinitcwndbps&lsig=AGluJ3MwRQIhANxc03rKpUG4rlpPLLutoNiE9dBALe_Eg0Lczlp8h_B9AiAyZPZ-E9CVVRIA-nda8fxL--hUYmyW6rZJzH_DPLUQlQ%3D%3D[0m
[32m2024-11-15 22:19:38,111 - discord.voice_client - INFO - The voice handshake is being terminated for Channel ID 1303088062049419360 (Guild ID 1303088062049419356)[0m
[32m2024-11-15 22:19:38,114 - discord.player - INFO - ffmpeg process 9099 has not terminated. Waiting to terminate...[0m
[32m2024-11-15 22:19:38,120 - discord.voice_client - INFO - Disconnecting from voice normally, close code 1000.[0m
[32m2024-11-15 22:19:38,130 - discord.player - INFO - ffmpeg process 9099 should have terminated with a return code of -9.[0m
[32m2024-11-15 22:19:40,490 - cogs.music - INFO - Disconnected from voice channel.[0m
[34m2024-11-15 22:34:09,430 - asyncio - DEBUG - Using selector: EpollSelector[0m
[32m2024-11-15 22:34:09,431 - discord.client - INFO - logging in using static token[0m
[32m2024-11-15 22:34:12,179 - discord.gateway - INFO - Shard ID None has connected to Gateway (Session ID: f74c4482bc37fc33118321ca29eb0536).[0m
[32m2024-11-15 22:34:14,185 - __main__ - INFO - Logged in as Apollo (1306689830629146644)[0m
[32m2024-11-15 22:34:14,190 - __main__ - INFO - Loaded cog: ping.py[0m
[32m2024-11-15 22:34:14,194 - __main__ - INFO - Loaded cog: sayhi.py[0m
[32m2024-11-15 22:34:14,783 - __main__ - INFO - Loaded cog: music.py[0m
[32m2024-11-15 22:34:33,534 - __main__ - INFO - Commands synced globally.[0m
[32m2024-11-15 22:39:46,724 - discord.voice_client - INFO - Connecting to voice...[0m
[32m2024-11-15 22:39:46,725 - discord.voice_client - INFO - Starting voice handshake... (connection attempt 1)[0m
[32m2024-11-15 22:39:47,147 - discord.voice_client - INFO - Voice handshake complete. Endpoint found madrid4296.discord.media[0m
[31m2024-11-15 22:39:50,290 - discord.app_commands.tree - ERROR - Ignoring exception in command 'join'[0m
Traceback (most recent call last):
  File "/home/pyguy/Documents/Apollo/cogs/music.py", line 50, in join
    await interaction.response.send_message("Joined the voice channel!")
  File "/home/pyguy/Documents/Apollo/.venv/lib/python3.10/site-packages/discord/interactions.py", line 778, in send_message
    await adapter.create_interaction_response(
  File "/home/pyguy/Documents/Apollo/.venv/lib/python3.10/site-packages/discord/webhook/async_.py", line 219, in request
    raise NotFound(response, data)
discord.errors.NotFound: 404 Not Found (error code: 10062): Unknown interaction

During handling of the above exception, another exception occurred:

Traceback (most recent call last):
  File "/home/pyguy/Documents/Apollo/.venv/lib/python3.10/site-packages/discord/app_commands/commands.py", line 841, in _do_call
    return await self._callback(self.binding, interaction, **params)  # type: ignore
  File "/home/pyguy/Documents/Apollo/cogs/music.py", line 57, in join
    await interaction.response.send_message("An error occurred while trying to join the voice channel.")
  File "/home/pyguy/Documents/Apollo/.venv/lib/python3.10/site-packages/discord/interactions.py", line 778, in send_message
    await adapter.create_interaction_response(
  File "/home/pyguy/Documents/Apollo/.venv/lib/python3.10/site-packages/discord/webhook/async_.py", line 219, in request
    raise NotFound(response, data)
discord.errors.NotFound: 404 Not Found (error code: 10062): Unknown interaction

The above exception was the direct cause of the following exception:

Traceback (most recent call last):
  File "/home/pyguy/Documents/Apollo/.venv/lib/python3.10/site-packages/discord/app_commands/tree.py", line 1248, in _call
    await command._invoke_with_namespace(interaction, namespace)
  File "/home/pyguy/Documents/Apollo/.venv/lib/python3.10/site-packages/discord/app_commands/commands.py", line 867, in _invoke_with_namespace
    return await self._do_call(interaction, transformed_values)
  File "/home/pyguy/Documents/Apollo/.venv/lib/python3.10/site-packages/discord/app_commands/commands.py", line 860, in _do_call
    raise CommandInvokeError(self, e) from e
discord.app_commands.errors.CommandInvokeError: Command 'join' raised an exception: NotFound: 404 Not Found (error code: 10062): Unknown interaction
[33m2024-11-15 22:40:33,061 - discord.gateway - WARNING - Shard ID None heartbeat blocked for more than 10 seconds.
Loop thread traceback (most recent call last):
  File "/home/pyguy/Documents/Apollo/main.py", line 66, in <module>
    bot.run(DISCORD_TOKEN)
  File "/home/pyguy/Documents/Apollo/.venv/lib/python3.10/site-packages/discord/client.py", line 860, in run
    asyncio.run(runner())
  File "/usr/lib/python3.10/asyncio/runners.py", line 44, in run
    return loop.run_until_complete(main)
  File "/usr/lib/python3.10/asyncio/base_events.py", line 636, in run_until_complete
    self.run_forever()
  File "/usr/lib/python3.10/asyncio/base_events.py", line 603, in run_forever
    self._run_once()
  File "/usr/lib/python3.10/asyncio/base_events.py", line 1909, in _run_once
    handle._run()
  File "/usr/lib/python3.10/asyncio/events.py", line 80, in _run
    self._context.run(self._callback, *self._args)
  File "/home/pyguy/Documents/Apollo/.venv/lib/python3.10/site-packages/discord/app_commands/tree.py", line 1089, in wrapper
    await self._call(interaction)
  File "/home/pyguy/Documents/Apollo/.venv/lib/python3.10/site-packages/discord/app_commands/tree.py", line 1248, in _call
    await command._invoke_with_namespace(interaction, namespace)
  File "/home/pyguy/Documents/Apollo/.venv/lib/python3.10/site-packages/discord/app_commands/commands.py", line 867, in _invoke_with_namespace
    return await self._do_call(interaction, transformed_values)
  File "/home/pyguy/Documents/Apollo/.venv/lib/python3.10/site-packages/discord/app_commands/commands.py", line 841, in _do_call
    return await self._callback(self.binding, interaction, **params)  # type: ignore
  File "/home/pyguy/Documents/Apollo/cogs/music.py", line 73, in play
    audio_url = await self.search_youtube_audio(query)
  File "/home/pyguy/Documents/Apollo/cogs/music.py", line 35, in search_youtube_audio
    info = ytdl.extract_info(f"ytsearch:{query}", download=False)['entries'][0]
  File "/home/pyguy/Documents/Apollo/.venv/lib/python3.10/site-packages/yt_dlp/YoutubeDL.py", line 1614, in extract_info
    return self.__extract_info(url, self.get_info_extractor(key), download, extra_info, process)
  File "/home/pyguy/Documents/Apollo/.venv/lib/python3.10/site-packages/yt_dlp/YoutubeDL.py", line 1625, in wrapper
    return func(self, *args, **kwargs)
  File "/home/pyguy/Documents/Apollo/.venv/lib/python3.10/site-packages/yt_dlp/YoutubeDL.py", line 1781, in __extract_info
    return self.process_ie_result(ie_result, download, extra_info)
  File "/home/pyguy/Documents/Apollo/.venv/lib/python3.10/site-packages/yt_dlp/YoutubeDL.py", line 1910, in process_ie_result
    return self.__process_playlist(ie_result, download)
  File "/home/pyguy/Documents/Apollo/.venv/lib/python3.10/site-packages/yt_dlp/YoutubeDL.py", line 2057, in __process_playlist
    entry_result = self.__process_iterable_entry(entry, download, collections.ChainMap({
  File "/home/pyguy/Documents/Apollo/.venv/lib/python3.10/site-packages/yt_dlp/YoutubeDL.py", line 1625, in wrapper
    return func(self, *args, **kwargs)
  File "/home/pyguy/Documents/Apollo/.venv/lib/python3.10/site-packages/yt_dlp/YoutubeDL.py", line 2089, in __process_iterable_entry
    return self.process_ie_result(
  File "/home/pyguy/Documents/Apollo/.venv/lib/python3.10/site-packages/yt_dlp/YoutubeDL.py", line 1860, in process_ie_result
    return self.extract_info(
  File "/home/pyguy/Documents/Apollo/.venv/lib/python3.10/site-packages/yt_dlp/YoutubeDL.py", line 1614, in extract_info
    return self.__extract_info(url, self.get_info_extractor(key), download, extra_info, process)
  File "/home/pyguy/Documents/Apollo/.venv/lib/python3.10/site-packages/yt_dlp/YoutubeDL.py", line 1625, in wrapper
    return func(self, *args, **kwargs)
  File "/home/pyguy/Documents/Apollo/.venv/lib/python3.10/site-packages/yt_dlp/YoutubeDL.py", line 1760, in __extract_info
    ie_result = ie.extract(url)
  File "/home/pyguy/Documents/Apollo/.venv/lib/python3.10/site-packages/yt_dlp/extractor/common.py", line 742, in extract
    ie_result = self._real_extract(url)
  File "/home/pyguy/Documents/Apollo/.venv/lib/python3.10/site-packages/yt_dlp/extractor/youtube.py", line 5098, in _real_extract
    self._has_badge(badges, BadgeType.AVAILABILITY_SUBSCRIPTION)
  File "/home/pyguy/Documents/Apollo/.venv/lib/python3.10/site-packages/yt_dlp/extractor/youtube.py", line 1130, in _has_badge
    return bool(traverse_obj(badges, lambda _, v: v['type'] == badge_type))
  File "/home/pyguy/Documents/Apollo/.venv/lib/python3.10/site-packages/yt_dlp/utils/traversal.py", line 305, in traverse_obj
    result = _traverse_obj(obj, path, is_last, True)
  File "/home/pyguy/Documents/Apollo/.venv/lib/python3.10/site-packages/yt_dlp/utils/traversal.py", line 291, in _traverse_obj
    results, has_branched, is_dict = apply_path(obj, path, test_type)
  File "/home/pyguy/Documents/Apollo/.venv/lib/python3.10/site-packages/yt_dlp/utils/traversal.py", line 256, in apply_path
    for last, key in lazy_last(variadic(path, (str, bytes, dict, set))):
  File "/home/pyguy/Documents/Apollo/.venv/lib/python3.10/site-packages/yt_dlp/utils/_utils.py", line 2675, in variadic
    def variadic(x, allowed_types=NO_DEFAULT):
[0m
[32m2024-11-15 22:40:33,542 - cogs.music - INFO - Playing audio stream from URL: https://rr2---sn-5pguxaob-5c8e.googlevideo.com/videoplayback?expire=1731728426&ei=yr83Z6a2FJiep-oPwKKVcA&ip=105.112.224.180&id=o-AEuQFzKwpcdxMyZrTiRLEdmxQfjXt3su92-2gAg-cMVx&itag=251&source=youtube&requiressl=yes&xpc=EgVo2aDSNQ%3D%3D&met=1731706826%2C&mh=b2&mm=31%2C29&mn=sn-5pguxaob-5c8e%2Csn-aigl6ned&ms=au%2Crdu&mv=m&mvi=2&pl=24&rms=au%2Cau&gcr=ng&initcwndbps=77500&spc=qtApAbefoxsW4j2Z7mlKjbEdFdMo94V7Jn8lH2uxSBMmtDI&vprv=1&svpuc=1&mime=audio%2Fwebm&rqh=1&gir=yes&clen=1512982&dur=100.041&lmt=1728882445907144&mt=1731706612&fvip=2&keepalive=yes&fexp=51299154%2C51312688%2C51326932&c=IOS&txp=4532434&sparams=expire%2Cei%2Cip%2Cid%2Citag%2Csource%2Crequiressl%2Cxpc%2Cgcr%2Cspc%2Cvprv%2Csvpuc%2Cmime%2Crqh%2Cgir%2Cclen%2Cdur%2Clmt&sig=AJfQdSswRQIhAJzmGG0FQHp0Eh6NYLRoF_9lJiEHhWNYmbsasT3rrt8GAiArQDo1fQPU1iiz3Mh3cn6popvqqtx6uEfQmfCA17kSCg%3D%3D&lsparams=met%2Cmh%2Cmm%2Cmn%2Cms%2Cmv%2Cmvi%2Cpl%2Crms%2Cinitcwndbps&lsig=AGluJ3MwRgIhAPhW8CczgNGMrau-Cxyfh4eXH0DBU8i9mrjI4sVSMObgAiEAwt1TTXxFbbosB5jLINgJ4xB88mohaLkcCZK94YqWBkM%3D[0m
[32m2024-11-15 22:41:02,751 - cogs.music - INFO - Music paused.[0m
[32m2024-11-15 22:41:11,645 - cogs.music - INFO - Music resumed.[0m
[32m2024-11-15 22:41:42,585 - discord.player - INFO - ffmpeg process 10421 successfully terminated with return code of 0.[0m
[32m2024-11-15 22:42:23,066 - cogs.music - INFO - Playing audio stream from URL: https://rr1---sn-5pguxaob-5c8l.googlevideo.com/videoplayback?expire=1731728539&ei=O8A3Z4r9JbWip-oPvfyukAU&ip=105.112.224.180&id=o-AO8v-Dv3cvOD2j5OYWFPXceKnWoBZEcOVZUWU7BEUKIi&itag=251&source=youtube&requiressl=yes&xpc=EgVo2aDSNQ%3D%3D&met=1731706939%2C&mh=js&mm=31%2C29&mn=sn-5pguxaob-5c8l%2Csn-aigl6nze&ms=au%2Crdu&mv=m&mvi=1&pl=24&rms=au%2Cau&gcr=ng&initcwndbps=78750&spc=qtApATTgofhHZ50x7KqEetiNgdC2pztq4DrIiTWQkVttKK4&vprv=1&svpuc=1&mime=audio%2Fwebm&rqh=1&gir=yes&clen=1467797&dur=90.021&lmt=1597835198009881&mt=1731706409&fvip=3&keepalive=yes&fexp=51299154%2C51312688%2C51326932&c=IOS&txp=5531432&sparams=expire%2Cei%2Cip%2Cid%2Citag%2Csource%2Crequiressl%2Cxpc%2Cgcr%2Cspc%2Cvprv%2Csvpuc%2Cmime%2Crqh%2Cgir%2Cclen%2Cdur%2Clmt&sig=AJfQdSswRAIgZdPuxtT7EZ2JFNtkkBYnt929GAgf--2fm2A1P8gaLT4CIALhuu0rmp-KD2z7pAhYLP9CcthpFgY3UuyWQts_pyT3&lsparams=met%2Cmh%2Cmm%2Cmn%2Cms%2Cmv%2Cmvi%2Cpl%2Crms%2Cinitcwndbps&lsig=AGluJ3MwRgIhAOeFNJW5yAhAYuflbyIHEZ8w3e8jixnNcmDpo70bksUkAiEA8gIV1GZCxRbUj5Z_wq74pR5dc6-JV80Cu_UbJs__yeE%3D[0m
[32m2024-11-15 22:43:08,484 - cogs.music - INFO - Music paused.[0m
[32m2024-11-15 22:43:15,253 - cogs.music - INFO - Music resumed.[0m
[32m2024-11-15 22:44:00,357 - discord.player - INFO - ffmpeg process 10578 successfully terminated with return code of 0.[0m
[32m2024-11-15 22:44:35,343 - cogs.music - INFO - Playing audio stream from URL: https://rr1---sn-5pguxaob-5c8l.googlevideo.com/videoplayback?expire=1731728670&ei=vsA3Z-HdKKrap-oPpeP6sA0&ip=105.112.224.180&id=o-AAuiBEcL-IWnkYCJfFvyROMbkyzWSWXij4nZI3cL_MOO&itag=251&source=youtube&requiressl=yes&xpc=EgVo2aDSNQ%3D%3D&met=1731707070%2C&mh=u6&mm=31%2C29&mn=sn-5pguxaob-5c8l%2Csn-aigl6nsd&ms=au%2Crdu&mv=m&mvi=1&pl=24&rms=au%2Cau&initcwndbps=78750&spc=qtApAZAUnJs_d6qLQ4NRa9FzDQfeRgVgFn9ZAMUynMKvGbo&vprv=1&svpuc=1&mime=audio%2Fwebm&rqh=1&gir=yes&clen=5097068&dur=298.701&lmt=1719649663587615&mt=1731706635&fvip=3&keepalive=yes&fexp=51299154%2C51312688%2C51326932&c=IOS&txp=4432434&sparams=expire%2Cei%2Cip%2Cid%2Citag%2Csource%2Crequiressl%2Cxpc%2Cspc%2Cvprv%2Csvpuc%2Cmime%2Crqh%2Cgir%2Cclen%2Cdur%2Clmt&sig=AJfQdSswRQIhAPyA74hvCeMUiY_xz9CVk6xA1m0o_NhVjBqngsW3o2bBAiBWjLEhoBfMmWWHimPKXxMucAsGalSdHVUc7aYTjCx3sw%3D%3D&lsparams=met%2Cmh%2Cmm%2Cmn%2Cms%2Cmv%2Cmvi%2Cpl%2Crms%2Cinitcwndbps&lsig=AGluJ3MwRQIhAP02lauDGlOy073og5hFr1eZyGrgRjDvTYDJH7iKKXLdAiAGg0WsKPuocNPYlQcH-aEUDMVkbpJRJ0lRN8UHSUD42g%3D%3D[0m
[32m2024-11-15 22:49:33,576 - discord.player - INFO - ffmpeg process 10761 successfully terminated with return code of 0.[0m
[32m2024-11-15 22:53:21,746 - discord.gateway - INFO - Shard ID None has successfully RESUMED session f74c4482bc37fc33118321ca29eb0536.[0m
[32m2024-11-15 22:56:00,737 - discord.voice_client - INFO - The voice handshake is being terminated for Channel ID 1303088062049419360 (Guild ID 1303088062049419356)[0m
